Archive member included to satisfy reference by file (symbol)

C:/ST/STM32CubeIDE_1.16.1/STM32CubeIDE/plugins/com.st.stm32cube.ide.mcu.externaltools.gnu-tools-for-stm32.12.3.rel1.win32_1.0.200.202406191623/tools/bin/../lib/gcc/arm-none-eabi/12.3.1/../../../../arm-none-eabi/lib/thumb/v7e-m+fp/hard\libc_nano.a(libc_a-atof.o)
                              ./Core/Src/GPS.o (atof)
C:/ST/STM32CubeIDE_1.16.1/STM32CubeIDE/plugins/com.st.stm32cube.ide.mcu.externaltools.gnu-tools-for-stm32.12.3.rel1.win32_1.0.200.202406191623/tools/bin/../lib/gcc/arm-none-eabi/12.3.1/../../../../arm-none-eabi/lib/thumb/v7e-m+fp/hard\libc_nano.a(libc_a-atoi.o)
                              ./Core/Src/GSM.o (atoi)
C:/ST/STM32CubeIDE_1.16.1/STM32CubeIDE/plugins/com.st.stm32cube.ide.mcu.externaltools.gnu-tools-for-stm32.12.3.rel1.win32_1.0.200.202406191623/tools/bin/../lib/gcc/arm-none-eabi/12.3.1/../../../../arm-none-eabi/lib/thumb/v7e-m+fp/hard\libc_nano.a(libc_a-exit.o)
                              C:/ST/STM32CubeIDE_1.16.1/STM32CubeIDE/plugins/com.st.stm32cube.ide.mcu.externaltools.gnu-tools-for-stm32.12.3.rel1.win32_1.0.200.202406191623/tools/bin/../lib/gcc/arm-none-eabi/12.3.1/../../../../arm-none-eabi/lib/thumb/v7e-m+fp/hard/crt0.o (exit)
C:/ST/STM32CubeIDE_1.16.1/STM32CubeIDE/plugins/com.st.stm32cube.ide.mcu.externaltools.gnu-tools-for-stm32.12.3.rel1.win32_1.0.200.202406191623/tools/bin/../lib/gcc/arm-none-eabi/12.3.1/../../../../arm-none-eabi/lib/thumb/v7e-m+fp/hard\libc_nano.a(libc_a-malloc.o)
                              ./Core/Src/GSM.o (malloc)
C:/ST/STM32CubeIDE_1.16.1/STM32CubeIDE/plugins/com.st.stm32cube.ide.mcu.externaltools.gnu-tools-for-stm32.12.3.rel1.win32_1.0.200.202406191623/tools/bin/../lib/gcc/arm-none-eabi/12.3.1/../../../../arm-none-eabi/lib/thumb/v7e-m+fp/hard\libc_nano.a(libc_a-mallocr.o)
                              C:/ST/STM32CubeIDE_1.16.1/STM32CubeIDE/plugins/com.st.stm32cube.ide.mcu.externaltools.gnu-tools-for-stm32.12.3.rel1.win32_1.0.200.202406191623/tools/bin/../lib/gcc/arm-none-eabi/12.3.1/../../../../arm-none-eabi/lib/thumb/v7e-m+fp/hard\libc_nano.a(libc_a-malloc.o) (_malloc_r)
C:/ST/STM32CubeIDE_1.16.1/STM32CubeIDE/plugins/com.st.stm32cube.ide.mcu.externaltools.gnu-tools-for-stm32.12.3.rel1.win32_1.0.200.202406191623/tools/bin/../lib/gcc/arm-none-eabi/12.3.1/../../../../arm-none-eabi/lib/thumb/v7e-m+fp/hard\libc_nano.a(libc_a-mlock.o)
                              C:/ST/STM32CubeIDE_1.16.1/STM32CubeIDE/plugins/com.st.stm32cube.ide.mcu.externaltools.gnu-tools-for-stm32.12.3.rel1.win32_1.0.200.202406191623/tools/bin/../lib/gcc/arm-none-eabi/12.3.1/../../../../arm-none-eabi/lib/thumb/v7e-m+fp/hard\libc_nano.a(libc_a-mallocr.o) (__malloc_lock)
C:/ST/STM32CubeIDE_1.16.1/STM32CubeIDE/plugins/com.st.stm32cube.ide.mcu.externaltools.gnu-tools-for-stm32.12.3.rel1.win32_1.0.200.202406191623/tools/bin/../lib/gcc/arm-none-eabi/12.3.1/../../../../arm-none-eabi/lib/thumb/v7e-m+fp/hard\libc_nano.a(libc_a-strtod.o)
                              C:/ST/STM32CubeIDE_1.16.1/STM32CubeIDE/plugins/com.st.stm32cube.ide.mcu.externaltools.gnu-tools-for-stm32.12.3.rel1.win32_1.0.200.202406191623/tools/bin/../lib/gcc/arm-none-eabi/12.3.1/../../../../arm-none-eabi/lib/thumb/v7e-m+fp/hard\libc_nano.a(libc_a-atof.o) (strtod)
C:/ST/STM32CubeIDE_1.16.1/STM32CubeIDE/plugins/com.st.stm32cube.ide.mcu.externaltools.gnu-tools-for-stm32.12.3.rel1.win32_1.0.200.202406191623/tools/bin/../lib/gcc/arm-none-eabi/12.3.1/../../../../arm-none-eabi/lib/thumb/v7e-m+fp/hard\libc_nano.a(libc_a-strtol.o)
                              C:/ST/STM32CubeIDE_1.16.1/STM32CubeIDE/plugins/com.st.stm32cube.ide.mcu.externaltools.gnu-tools-for-stm32.12.3.rel1.win32_1.0.200.202406191623/tools/bin/../lib/gcc/arm-none-eabi/12.3.1/../../../../arm-none-eabi/lib/thumb/v7e-m+fp/hard\libc_nano.a(libc_a-atoi.o) (_strtol_r)
C:/ST/STM32CubeIDE_1.16.1/STM32CubeIDE/plugins/com.st.stm32cube.ide.mcu.externaltools.gnu-tools-for-stm32.12.3.rel1.win32_1.0.200.202406191623/tools/bin/../lib/gcc/arm-none-eabi/12.3.1/../../../../arm-none-eabi/lib/thumb/v7e-m+fp/hard\libc_nano.a(libc_a-ctype_.o)
                              C:/ST/STM32CubeIDE_1.16.1/STM32CubeIDE/plugins/com.st.stm32cube.ide.mcu.externaltools.gnu-tools-for-stm32.12.3.rel1.win32_1.0.200.202406191623/tools/bin/../lib/gcc/arm-none-eabi/12.3.1/../../../../arm-none-eabi/lib/thumb/v7e-m+fp/hard\libc_nano.a(libc_a-strtol.o) (_ctype_)
C:/ST/STM32CubeIDE_1.16.1/STM32CubeIDE/plugins/com.st.stm32cube.ide.mcu.externaltools.gnu-tools-for-stm32.12.3.rel1.win32_1.0.200.202406191623/tools/bin/../lib/gcc/arm-none-eabi/12.3.1/../../../../arm-none-eabi/lib/thumb/v7e-m+fp/hard\libc_nano.a(libc_a-nano-vfprintf_float.o)
                              (_printf_float)
C:/ST/STM32CubeIDE_1.16.1/STM32CubeIDE/plugins/com.st.stm32cube.ide.mcu.externaltools.gnu-tools-for-stm32.12.3.rel1.win32_1.0.200.202406191623/tools/bin/../lib/gcc/arm-none-eabi/12.3.1/../../../../arm-none-eabi/lib/thumb/v7e-m+fp/hard\libc_nano.a(libc_a-nano-vfprintf_i.o)
[...]
Memory Configuration

Name             Origin             Length             Attributes
CCMRAM           0x10000000         0x00002000         xrw
RAM              0x20000000         0x0000a000         xrw
FLASH            0x08000000         0x00040000         xr
*default*        0x00000000         0xffffffff

Linker script and memory map

LOAD C:/ST/STM32CubeIDE_1.16.1/STM32CubeIDE/plugins/com.st.stm32cube.ide.mcu.externaltools.gnu-tools-for-stm32.12.3.rel1.win32_1.0.200.202406191623/tools/bin/../lib/gcc/arm-none-eabi/12.3.1/thumb/v7e-m+fp/hard/crti.o
LOAD C:/ST/STM32CubeIDE_1.16.1/STM32CubeIDE/plugins/com.st.stm32cube.ide.mcu.externaltools.gnu-tools-for-stm32.12.3.rel1.win32_1.0.200.202406191623/tools/bin/../lib/gcc/arm-none-eabi/12.3.1/thumb/v7e-m+fp/hard/crtbegin.o
LOAD C:/ST/STM32CubeIDE_1.16.1/STM32CubeIDE/plugins/com.st.stm32cube.ide.mcu.externaltools.gnu-tools-for-stm32.12.3.rel1.win32_1.0.200.202406191623/tools/bin/../lib/gcc/arm-none-eabi/12.3.1/../../../../arm-none-eabi/lib/thumb/v7e-m+fp/hard/crt0.o
LOAD ./Core/Src/Controlling_LED.o
LOAD ./Core/Src/GPS.o
LOAD ./Core/Src/GSM.o
LOAD ./Core/Src/Queue_GSM.o
LOAD ./Core/Src/RFID.o
LOAD ./Core/Src/RS232-UART1.o
LOAD ./Core/Src/RS232-UART2.o
LOAD ./Core/Src/RTC.o
LOAD ./Core/Src/freertos.o
LOAD ./Core/Src/main.o
LOAD ./Core/Src/spi_flash.o
LOAD ./Core/Src/stm32f3xx_hal_msp.o
LOAD ./Core/Src/stm32f3xx_hal_timebase_tim.o
LOAD ./Core/Src/stm32f3xx_it.o
LOAD ./Core/Src/syscalls.o
LOAD ./Core/Src/sysmem.o
LOAD ./Core/Src/system_management.o
LOAD ./Core/Src/system_stm32f3xx.o
LOAD ./Core/Startup/startup_stm32f303rctx.o
LOAD ./Drivers/STM32F3xx_HAL_Driver/Src/stm32f3xx_hal.o
LOAD ./Drivers/STM32F3xx_HAL_Driver/Src/stm32f3xx_hal_adc.o
LOAD ./Drivers/STM32F3xx_HAL_Driver/Src/stm32f3xx_hal_adc_ex.o
LOAD ./Drivers/STM32F3xx_HAL_Driver/Src/stm32f3xx_hal_cortex.o
LOAD ./Drivers/STM32F3xx_HAL_Driver/Src/stm32f3xx_hal_dma.o
LOAD ./Drivers/STM32F3xx_HAL_Driver/Src/stm32f3xx_hal_exti.o
LOAD ./Drivers/STM32F3xx_HAL_Driver/Src/stm32f3xx_hal_flash.o
LOAD ./Drivers/STM32F3xx_HAL_Driver/Src/stm32f3xx_hal_flash_ex.o
LOAD ./Drivers/STM32F3xx_HAL_Driver/Src/stm32f3xx_hal_gpio.o
LOAD ./Drivers/STM32F3xx_HAL_Driver/Src/stm32f3xx_hal_i2c.o
LOAD ./Drivers/STM32F3xx_HAL_Driver/Src/stm32f3xx_hal_i2c_ex.o
LOAD ./Drivers/STM32F3xx_HAL_Driver/Src/stm32f3xx_hal_pwr.o
LOAD ./Drivers/STM32F3xx_HAL_Driver/Src/stm32f3xx_hal_pwr_ex.o
LOAD ./Drivers/STM32F3xx_HAL_Driver/Src/stm32f3xx_hal_rcc.o
LOAD ./Drivers/STM32F3xx_HAL_Driver/Src/stm32f3xx_hal_rcc_ex.o
LOAD ./Drivers/STM32F3xx_HAL_Driver/Src/stm32f3xx_hal_rtc.o
LOAD ./Drivers/STM32F3xx_HAL_Driver/Src/stm32f3xx_hal_rtc_ex.o
LOAD ./Drivers/STM32F3xx_HAL_Driver/Src/stm32f3xx_hal_spi.o
LOAD ./Drivers/STM32F3xx_HAL_Driver/Src/stm32f3xx_hal_spi_ex.o
LOAD ./Drivers/STM32F3xx_HAL_Driver/Src/stm32f3xx_hal_tim.o
LOAD ./Drivers/STM32F3xx_HAL_Driver/Src/stm32f3xx_hal_tim_ex.o
LOAD ./Drivers/STM32F3xx_HAL_Driver/Src/stm32f3xx_hal_uart.o
LOAD ./Drivers/STM32F3xx_HAL_Driver/Src/stm32f3xx_hal_uart_ex.o
LOAD ./Middlewares/Third_Party/FreeRTOS/Source/CMSIS_RTOS/cmsis_os.o
LOAD ./Middlewares/Third_Party/FreeRTOS/Source/croutine.o
LOAD ./Middlewares/Third_Party/FreeRTOS/Source/event_groups.o
LOAD ./Middlewares/Third_Party/FreeRTOS/Source/list.o
LOAD ./Middlewares/Third_Party/FreeRTOS/Source/queue.o
LOAD ./Middlewares/Third_Party/FreeRTOS/Source/stream_buffer.o
LOAD ./Middlewares/Third_Party/FreeRTOS/Source/tasks.o
LOAD ./Middlewares/Third_Party/FreeRTOS/Source/timers.o
LOAD ./Middlewares/Third_Party/FreeRTOS/Source/portable/GCC/ARM_CM4F/port.o
LOAD ./Middlewares/Third_Party/FreeRTOS/Source/portable/MemMang/heap_4.o
START GROUP
LOAD C:/ST/STM32CubeIDE_1.16.1/STM32CubeIDE/plugins/com.st.stm32cube.ide.mcu.externaltools.gnu-tools-for-stm32.12.3.rel1.win32_1.0.200.202406191623/tools/bin/../lib/gcc/arm-none-eabi/12.3.1/../../../../arm-none-eabi/lib/thumb/v7e-m+fp/hard\libc_nano.a
LOAD C:/ST/STM32CubeIDE_1.16.1/STM32CubeIDE/plugins/com.st.stm32cube.ide.mcu.externaltools.gnu-tools-for-stm32.12.3.rel1.win32_1.0.200.202406191623/tools/bin/../lib/gcc/arm-none-eabi/12.3.1/../../../../arm-none-eabi/lib/thumb/v7e-m+fp/hard\libm.a
END GROUP
START GROUP
LOAD C:/ST/STM32CubeIDE_1.16.1/STM32CubeIDE/plugins/com.st.stm32cube.ide.mcu.externaltools.gnu-tools-for-stm32.12.3.rel1.win32_1.0.200.202406191623/tools/bin/../lib/gcc/arm-none-eabi/12.3.1/thumb/v7e-m+fp/hard\libgcc.a
LOAD C:/ST/STM32CubeIDE_1.16.1/STM32CubeIDE/plugins/com.st.stm32cube.ide.mcu.externaltools.gnu-tools-for-stm32.12.3.rel1.win32_1.0.200.202406191623/tools/bin/../lib/gcc/arm-none-eabi/12.3.1/../../../../arm-none-eabi/lib/thumb/v7e-m+fp/hard\libc_nano.a
END GROUP
START GROUP
LOAD C:/ST/STM32CubeIDE_1.16.1/STM32CubeIDE/plugins/com.st.stm32cube.ide.mcu.externaltools.gnu-tools-for-stm32.12.3.rel1.win32_1.0.200.202406191623/tools/bin/../lib/gcc/arm-none-eabi/12.3.1/thumb/v7e-m+fp/hard\libgcc.a
LOAD C:/ST/STM32CubeIDE_1.16.1/STM32CubeIDE/plugins/com.st.stm32cube.ide.mcu.externaltools.gnu-tools-for-stm32.12.3.rel1.win32_1.0.200.202406191623/tools/bin/../lib/gcc/arm-none-eabi/12.3.1/../../../../arm-none-eabi/lib/thumb/v7e-m+fp/hard\libc_nano.a
LOAD C:/ST/STM32CubeIDE_1.16.1/STM32CubeIDE/plugins/com.st.stm32cube.ide.mcu.externaltools.gnu-tools-for-stm32.12.3.rel1.win32_1.0.200.202406191623/tools/bin/../lib/gcc/arm-none-eabi/12.3.1/../../../../arm-none-eabi/lib/thumb/v7e-m+fp/hard\libnosys.a
END GROUP
START GROUP
LOAD C:/ST/STM32CubeIDE_1.16.1/STM32CubeIDE/plugins/com.st.stm32cube.ide.mcu.externaltools.gnu-tools-for-stm32.12.3.rel1.win32_1.0.200.202406191623/tools/bin/../lib/gcc/arm-none-eabi/12.3.1/thumb/v7e-m+fp/hard\libgcc.a
LOAD C:/ST/STM32CubeIDE_1.16.1/STM32CubeIDE/plugins/com.st.stm32cube.ide.mcu.externaltools.gnu-tools-for-stm32.12.3.rel1.win32_1.0.200.202406191623/tools/bin/../lib/gcc/arm-none-eabi/12.3.1/../../../../arm-none-eabi/lib/thumb/v7e-m+fp/hard\libc_nano.a
LOAD C:/ST/STM32CubeIDE_1.16.1/STM32CubeIDE/plugins/com.st.stm32cube.ide.mcu.externaltools.gnu-tools-for-stm32.12.3.rel1.win32_1.0.200.202406191623/tools/bin/../lib/gcc/arm-none-eabi/12.3.1/../../../../arm-none-eabi/lib/thumb/v7e-m+fp/hard\libnosys.a
END GROUP
LOAD C:/ST/STM32CubeIDE_1.16.1/STM32CubeIDE/plugins/com.st.stm32cube.ide.mcu.externaltools.gnu-tools-for-stm32.12.3.rel1.win32_1.0.200.202406191623/tools/bin/../lib/gcc/arm-none-eabi/12.3.1/thumb/v7e-m+fp/hard/crtend.o
LOAD C:/ST/STM32CubeIDE_1.16.1/STM32CubeIDE/plugins/com.st.stm32cube.ide.mcu.externaltools.gnu-tools-for-stm32.12.3.rel1.win32_1.0.200.202406191623/tools/bin/../lib/gcc/arm-none-eabi/12.3.1/thumb/v7e-m+fp/hard/crtn.o
                0x2000a000                        _estack = (ORIGIN (RAM) + LENGTH (RAM))
                0x00000200                        _Min_Heap_Size = 0x200
                0x00000400                        _Min_Stack_Size = 0x400

.isr_vector     0x08000000      0x188
                0x08000000                        . = ALIGN (0x4)
 *(.isr_vector)
 .isr_vector    0x08000000      0x188 ./Core/Startup/startup_stm32f303rctx.o
                0x08000000                g_pfnVectors
                0x08000188                        . = ALIGN (0x4)

.text           0x08000190     0xe9bc
                0x08000190                        . = ALIGN (0x4)
 *(.text)
 .text          0x08000190       0x40 C:/ST/STM32CubeIDE_1.16.1/STM32CubeIDE/plugins/com.st.stm32cube.ide.mcu.externaltools.gnu-tools-for-stm32.12.3.rel1.win32_1.0.200.202406191623/tools/bin/../lib/gcc/arm-none-eabi/12.3.1/thumb/v7e-m+fp/hard/crtbegin.o
 .text          0x080001d0       0x14 C:/ST/STM32CubeIDE_1.16.1/STM32CubeIDE/plugins/com.st.stm32cube.ide.mcu.externaltools.gnu-tools-for-stm32.12.3.rel1.win32_1.0.200.202406191623/tools/bin/../lib/gcc/arm-none-eabi/12.3.1/../../../../arm-none-eabi/lib/thumb/v7e-m+fp/hard\libc_nano.a(libc_a-strcmp.o)
                0x080001d0                strcmp
 *fill*         0x080001e4        0xc 
 .text          0x080001f0       0xa0 C:/ST/STM32CubeIDE_1.16.1/STM32CubeIDE/plugins/com.st.stm32cube.ide.mcu.externaltools.gnu-tools-for-stm32.12.3.rel1.win32_1.0.200.202406191623/tools/bin/../lib/gcc/arm-none-eabi/12.3.1/../../../../arm-none-eabi/lib/thumb/v7e-m+fp/hard\libc_nano.a(libc_a-memchr.o)
                0x080001f0                memchr
 .text          0x08000290       0x10 C:/ST/STM32CubeIDE_1.16.1/STM32CubeIDE/plugins/com.st.stm32cube.ide.mcu.externaltools.gnu-tools-for-stm32.12.3.rel1.win32_1.0.200.202406191623/tools/bin/../lib/gcc/arm-none-eabi/12.3.1/../../../../arm-none-eabi/lib/thumb/v7e-m+fp/hard\libc_nano.a(libc_a-strlen.o)
                0x08000290                strlen
 .text          0x080002a0      0x378 C:/ST/STM32CubeIDE_1.16.1/STM32CubeIDE/plugins/com.st.stm32cube.ide.mcu.externaltools.gnu-tools-for-stm32.12.3.rel1.win32_1.0.200.202406191623/tools/bin/../lib/gcc/arm-none-eabi/12.3.1/thumb/v7e-m+fp/hard\libgcc.a(_arm_addsubdf3.o)
                0x080002a0                __aeabi_drsub
                0x080002a8                __aeabi_dsub
                0x080002a8                __subdf3
                0x080002ac                __aeabi_dadd
                0x080002ac                __adddf3
                0x08000524                __floatunsidf
                0x08000524                __aeabi_ui2d
                0x08000544                __floatsidf
                0x08000544                __aeabi_i2d
                0x08000568                __aeabi_f2d
                0x08000568                __extendsfdf2
                0x080005ac                __floatundidf
                0x080005ac                __aeabi_ul2d
                0x080005bc                __floatdidf
                0x080005bc                __aeabi_l2d
 .text          0x08000618      0x424 C:/ST/STM32CubeIDE_1.16.1/STM32CubeIDE/plugins/com.st.stm32cube.ide.mcu.externaltools.gnu-tools-for-stm32.12.3.rel1.win32_1.0.200.202406191623/tools/bin/../lib/gcc/arm-none-eabi/12.3.1/thumb/v7e-m+fp/hard\libgcc.a(_arm_muldivdf3.o)
                0x08000618                __aeabi_dmul
                0x08000618                __muldf3
                0x0800086c                __divdf3
                0x0800086c                __aeabi_ddiv
 .text          0x08000a3c      0x110 C:/ST/STM32CubeIDE_1.16.1/STM32CubeIDE/plugins/com.st.stm32cube.ide.mcu.externaltools.gnu-tools-for-stm32.12.3.rel1.win32_1.0.200.202406191623/tools/bin/../lib/gcc/arm-none-eabi/12.3.1/thumb/v7e-m+fp/hard\libgcc.a(_arm_cmpdf2.o)
                0x08000a3c                __gtdf2
                0x08000a3c                __gedf2
                0x08000a44                __ltdf2
                0x08000a44                __ledf2
                0x08000a4c                __nedf2
                0x08000a4c                __eqdf2
                0x08000a4c                __cmpdf2
                0x08000ac8                __aeabi_cdrcmple
                0x08000ad8                __aeabi_cdcmpeq
                0x08000ad8                __aeabi_cdcmple
                0x08000ae8                __aeabi_dcmpeq
                0x08000afc                __aeabi_dcmplt
                0x08000b10                __aeabi_dcmple
                0x08000b24                __aeabi_dcmpge
                0x08000b38                __aeabi_dcmpgt
 .text          0x08000b4c       0x2c C:/ST/STM32CubeIDE_1.16.1/STM32CubeIDE/plugins/com.st.stm32cube.ide.mcu.externaltools.gnu-tools-for-stm32.12.3.rel1.win32_1.0.200.202406191623/tools/bin/../lib/gcc/arm-none-eabi/12.3.1/thumb/v7e-m+fp/hard\libgcc.a(_arm_unorddf2.o)
                0x08000b4c                __unorddf2
                0x08000b4c                __aeabi_dcmpun
 .text          0x08000b78       0x50 C:/ST/STM32CubeIDE_1.16.1/STM32CubeIDE/plugins/com.st.stm32cube.ide.mcu.externaltools.gnu-tools-for-stm32.12.3.rel1.win32_1.0.200.202406191623/tools/bin/../lib/gcc/arm-none-eabi/12.3.1/thumb/v7e-m+fp/hard\libgcc.a(_arm_fixdfsi.o)
                0x08000b78                __aeabi_d2iz
                0x08000b78                __fixdfsi
 .text          0x08000bc8       0x40 C:/ST/STM32CubeIDE_1.16.1/STM32CubeIDE/plugins/com.st.stm32cube.ide.mcu.externaltools.gnu-tools-for-stm32.12.3.rel1.win32_1.0.200.202406191623/tools/bin/../lib/gcc/arm-none-eabi/12.3.1/thumb/v7e-m+fp/hard\libgcc.a(_arm_fixunsdfsi.o)
                0x08000bc8                __aeabi_d2uiz
                0x08000bc8                __fixunsdfsi
 .text          0x08000c08       0xa0 C:/ST/STM32CubeIDE_1.16.1/STM32CubeIDE/plugins/com.st.stm32cube.ide.mcu.externaltools.gnu-tools-for-stm32.12.3.rel1.win32_1.0.200.202406191623/tools/bin/../lib/gcc/arm-none-eabi/12.3.1/thumb/v7e-m+fp/hard\libgcc.a(_arm_truncdfsf2.o)
                0x08000c08                __truncdfsf2
                0x08000c08                __aeabi_d2f
 .text          0x08000ca8       0x30 C:/ST/STM32CubeIDE_1.16.1/STM32CubeIDE/plugins/com.st.stm32cube.ide.mcu.externaltools.gnu-tools-for-stm32.12.3.rel1.win32_1.0.200.202406191623/tools/bin/../lib/gcc/arm-none-eabi/12.3.1/thumb/v7e-m+fp/hard\libgcc.a(_fixdfdi.o)
                0x08000ca8                __fixdfdi
                0x08000ca8                __aeabi_d2lz
 .text          0x08000cd8       0x3c C:/ST/STM32CubeIDE_1.16.1/STM32CubeIDE/plugins/com.st.stm32cube.ide.mcu.externaltools.gnu-tools-for-stm32.12.3.rel1.win32_1.0.200.202406191623/tools/bin/../lib/gcc/arm-none-eabi/12.3.1/thumb/v7e-m+fp/hard\libgcc.a(_fixunsdfdi.o)
                0x08000cd8                __fixunsdfdi
                0x08000cd8                __aeabi_d2ulz
 *(.text*)
 .text.sendRMCDataToFlash
                0x08000d14       0x44 ./Core/Src/GPS.o
                0x08000d14                sendRMCDataToFlash
 .text.getRMC   0x08000d58      0x110 ./Core/Src/GPS.o
                0x08000d58                getRMC
 .text.StartGPS
                0x08000e68      0x108 ./Core/Src/GPS.o
                0x08000e68                StartGPS
 .text.create_terminal_registration
                0x08000f70       0x4c ./Core/Src/GSM.o
                0x08000f70                create_terminal_registration
 .text.create_location_info_report
                0x08000fbc       0x28 ./Core/Src/GSM.o
                0x08000fbc                create_location_info_report
 .text.set_status_bit
                0x08000fe4       0x30 ./Core/Src/GSM.o
                0x08000fe4                set_status_bit
 .text.send_AT_command
                0x08001014       0x20 ./Core/Src/GSM.o
                0x08001014                send_AT_command
 .text.SIM_UART_ReInitializeRxDMA
                0x08001034       0x34 ./Core/Src/GSM.o
                0x08001034                SIM_UART_ReInitializeRxDMA
 .text.find_length
                0x08001068        0x4 ./Core/Src/GSM.o
                0x08001068                find_length
 .text.receive_response
                0x0800106c       0x54 ./Core/Src/GSM.o
                0x0800106c                receive_response
 .text.init_SIM_module
                0x080010c0       0x34 ./Core/Src/GSM.o
                0x080010c0                init_SIM_module
 .text.reboot_SIM_module
                0x080010f4       0x4c ./Core/Src/GSM.o
                0x080010f4                reboot_SIM_module
 .text.convert_dec_to_hex_value
                0x08001140       0x10 ./Core/Src/GSM.o
                0x08001140                convert_dec_to_hex_value
 .text.save_rmc_to_location_info
                0x08001150      0x114 ./Core/Src/GSM.o
                0x08001150                save_rmc_to_location_info
 .text.first_check_SIM
                0x08001264       0xe8 ./Core/Src/GSM.o
                0x08001264                first_check_SIM
 .text.extract_last_12_digits_bcd
                0x0800134c       0xe4 ./Core/Src/GSM.o
                0x0800134c                extract_last_12_digits_bcd
 .text.check_SIM_ready
                0x08001430      0x2a4 ./Core/Src/GSM.o
                0x08001430                check_SIM_ready
 .text.check_configure_APN
                0x080016d4       0x20 ./Core/Src/GSM.o
                0x080016d4                check_configure_APN
 .text.configure_APN
                0x080016f4       0x7c ./Core/Src/GSM.o
                0x080016f4                configure_APN
 .text.check_activate_context
                0x08001770       0x28 ./Core/Src/GSM.o
                0x08001770                check_activate_context
 .text.activate_context
                0x08001798       0xd8 ./Core/Src/GSM.o
                0x08001798                activate_context
 .text.deactivate_context
                0x08001870       0x98 ./Core/Src/GSM.o
                0x08001870                deactivate_context
 .text.open_socket_service
                0x08001908      0x170 ./Core/Src/GSM.o
                0x08001908                open_socket_service
 .text.check_socket_connection
                0x08001a78       0xec ./Core/Src/GSM.o
                0x08001a78                check_socket_connection
 .text.formatToHexString
                0x08001b64       0x40 ./Core/Src/GSM.o
                0x08001b64                formatToHexString
 .text.generateRegistrationMessage
                0x08001ba4       0xe8 ./Core/Src/GSM.o
                0x08001ba4                generateRegistrationMessage
 .text.generateLocationInfoMessage
                0x08001c8c       0xb8 ./Core/Src/GSM.o
                0x08001c8c                generateLocationInfoMessage
 .text.login_to_server
                0x08001d44       0xe4 ./Core/Src/GSM.o
                0x08001d44                login_to_server
 .text.send_location_to_server
                0x08001e28      0x110 ./Core/Src/GSM.o
                0x08001e28                send_location_to_server
 .text.check_data_sent_to_server
                0x08001f38      0x1a4 ./Core/Src/GSM.o
                0x08001f38                check_data_sent_to_server
 .text.close_connection
                0x080020dc       0x8c ./Core/Src/GSM.o
                0x080020dc                close_connection
 .text.extract_time_CCLK
                0x08002168       0xcc ./Core/Src/GSM.o
                0x08002168                extract_time_CCLK
 .text.getCurrentTime
                0x08002234       0x74 ./Core/Src/GSM.o
                0x08002234                getCurrentTime
 .text.receiveRMCDataWithAddrGSM
                0x080022a8      0x190 ./Core/Src/GSM.o
                0x080022a8                receiveRMCDataWithAddrGSM
 .text.processUploadDataToServer
                0x08002438       0x84 ./Core/Src/GSM.o
                0x08002438                processUploadDataToServer
 .text.StartGSM
                0x080024bc      0x4d4 ./Core/Src/GSM.o
                0x080024bc                StartGSM
 .text.initQueue_GSM
                0x08002990        0x8 ./Core/Src/Queue_GSM.o
                0x08002990                initQueue_GSM
 .text.enqueue_GSM
                0x08002998       0x34 ./Core/Src/Queue_GSM.o
                0x08002998                enqueue_GSM
 .text.dequeue_GSM
                0x080029cc       0x28 ./Core/Src/Queue_GSM.o
                0x080029cc                dequeue_GSM
 .text.clearQueue_GSM
                0x080029f4       0x12 ./Core/Src/Queue_GSM.o
                0x080029f4                clearQueue_GSM
 *fill*         0x08002a06        0x2 
 .text.printQueue_GSM
                0x08002a08       0x48 ./Core/Src/Queue_GSM.o
                0x08002a08                printQueue_GSM
 .text.RingBufferDmaU8_initUSARTRx
                0x08002a50       0x1c ./Core/Src/RS232-UART1.o
                0x08002a50                RingBufferDmaU8_initUSARTRx
 .text.set_time
                0x08002a6c       0x3c ./Core/Src/RTC.o
                0x08002a6c                set_time
 .text.set_date
                0x08002aa8       0x30 ./Core/Src/RTC.o
                0x08002aa8                set_date
 .text.get_RTC_time_date
                0x08002ad8       0xbc ./Core/Src/RTC.o
                0x08002ad8                get_RTC_time_date
 .text.vApplicationGetIdleTaskMemory
                0x08002b94       0x18 ./Core/Src/freertos.o
                0x08002b94                vApplicationGetIdleTaskMemory
 .text.SystemClock_Config
                0x08002bac       0xa8 ./Core/Src/main.o
                0x08002bac                SystemClock_Config
 .text.startup.main
                0x08002c54      0x4c4 ./Core/Src/main.o
                0x08002c54                main
 .text.HAL_TIM_PeriodElapsedCallback
                0x08003118        0xe ./Core/Src/main.o
                0x08003118                HAL_TIM_PeriodElapsedCallback
 .text.Error_Handler
                0x08003126        0x4 ./Core/Src/main.o
                0x08003126                Error_Handler
 *fill*         0x0800312a        0x2 
 .text.W25_ReadStatusReg1
                0x0800312c       0x5c ./Core/Src/spi_flash.o
                0x0800312c                W25_ReadStatusReg1
 .text.W25_Busy
                0x08003188        0xc ./Core/Src/spi_flash.o
                0x08003188                W25_Busy
 .text.W25_DelayWhileBusy
                0x08003194       0x22 ./Core/Src/spi_flash.o
                0x08003194                W25_DelayWhileBusy
 .text.W25_Reset
                0x080031b6       0x5a ./Core/Src/spi_flash.o
                0x080031b6                W25_Reset
 .text.W25_ReadJedecID
                0x08003210       0xbc ./Core/Src/spi_flash.o
                0x08003210                W25_ReadJedecID
 .text.W25_WriteEnable
                0x080032cc       0x40 ./Core/Src/spi_flash.o
                0x080032cc                W25_WriteEnable
 .text.W25_SectorErase
                0x0800330c       0x58 ./Core/Src/spi_flash.o
                0x0800330c                W25_SectorErase
 .text.W25_PageProgram
                0x08003364       0x94 ./Core/Src/spi_flash.o
                0x08003364                W25_PageProgram
 .text.W25_ReadData
                0x080033f8       0x64 ./Core/Src/spi_flash.o
                0x080033f8                W25_ReadData
 .text.IsPageValid
                0x0800345c       0x36 ./Core/Src/spi_flash.o
                0x0800345c                IsPageValid
 *fill*         0x08003492        0x2 
 .text.UpdatePageAddress
                0x08003494       0x2c ./Core/Src/spi_flash.o
                0x08003494                UpdatePageAddress
 .text.W25_ShiftLeftFlashDataByPage
                0x080034c0      0x288 ./Core/Src/spi_flash.o
                0x080034c0                W25_ShiftLeftFlashDataByPage
 .text.calculate_epoch_time_utc
                0x08003748       0x3a ./Core/Src/spi_flash.o
                0x08003748                calculate_epoch_time_utc
 *fill*         0x08003782        0x2 
 .text.format_rmc_data
                0x08003784       0xac ./Core/Src/spi_flash.o
                0x08003784                format_rmc_data
 .text.saveRMC  0x08003830      0x1f4 ./Core/Src/spi_flash.o
                0x08003830                saveRMC
 .text.sendRMCDataWithAddrToGSM
                0x08003a24       0x4c ./Core/Src/spi_flash.o
                0x08003a24                sendRMCDataWithAddrToGSM
 .text.parseRMCString
                0x08003a70       0xb8 ./Core/Src/spi_flash.o
                0x08003a70                parseRMCString
 .text.readFlash
                0x08003b28      0x140 ./Core/Src/spi_flash.o
                0x08003b28                readFlash
 .text.checkSentToServer
                0x08003c68       0x38 ./Core/Src/spi_flash.o
                0x08003c68                checkSentToServer
 .text.receiveRMCDataFromGPS
                0x08003ca0      0x250 ./Core/Src/spi_flash.o
                0x08003ca0                receiveRMCDataFromGPS
 .text.StartSpiFlash
                0x08003ef0       0xc4 ./Core/Src/spi_flash.o
                0x08003ef0                StartSpiFlash
 .text.HAL_MspInit
                0x08003fb4       0x3c ./Core/Src/stm32f3xx_hal_msp.o
                0x08003fb4                HAL_MspInit
 .text.HAL_ADC_MspInit
                0x08003ff0      0x12c ./Core/Src/stm32f3xx_hal_msp.o
                0x08003ff0                HAL_ADC_MspInit
 .text.HAL_RTC_MspInit
                0x0800411c       0x28 ./Core/Src/stm32f3xx_hal_msp.o
                0x0800411c                HAL_RTC_MspInit
 .text.HAL_SPI_MspInit
                0x08004144       0xa0 ./Core/Src/stm32f3xx_hal_msp.o
                0x08004144                HAL_SPI_MspInit
 .text.HAL_TIM_Base_MspInit
                0x080041e4       0x40 ./Core/Src/stm32f3xx_hal_msp.o
                0x080041e4                HAL_TIM_Base_MspInit
 .text.HAL_UART_MspInit
                0x08004224      0x168 ./Core/Src/stm32f3xx_hal_msp.o
                0x08004224                HAL_UART_MspInit
 .text.HAL_InitTick
                0x0800438c       0x98 ./Core/Src/stm32f3xx_hal_timebase_tim.o
                0x0800438c                HAL_InitTick
 .text.NMI_Handler
                0x08004424        0x2 ./Core/Src/stm32f3xx_it.o
                0x08004424                NMI_Handler
 .text.HardFault_Handler
                0x08004426        0x2 ./Core/Src/stm32f3xx_it.o
                0x08004426                HardFault_Handler
 .text.MemManage_Handler
                0x08004428        0x2 ./Core/Src/stm32f3xx_it.o
                0x08004428                MemManage_Handler
 .text.BusFault_Handler
                0x0800442a        0x2 ./Core/Src/stm32f3xx_it.o
                0x0800442a                BusFault_Handler
 .text.UsageFault_Handler
                0x0800442c        0x2 ./Core/Src/stm32f3xx_it.o
                0x0800442c                UsageFault_Handler
 .text.DebugMon_Handler
                0x0800442e        0x2 ./Core/Src/stm32f3xx_it.o
                0x0800442e                DebugMon_Handler
 .text.DMA1_Channel3_IRQHandler
                0x08004430        0xc ./Core/Src/stm32f3xx_it.o
                0x08004430                DMA1_Channel3_IRQHandler
 .text.DMA1_Channel5_IRQHandler
                0x0800443c        0xc ./Core/Src/stm32f3xx_it.o
                0x0800443c                DMA1_Channel5_IRQHandler
 .text.DMA1_Channel6_IRQHandler
                0x08004448        0xc ./Core/Src/stm32f3xx_it.o
                0x08004448                DMA1_Channel6_IRQHandler
 .text.TIM2_IRQHandler
                0x08004454        0xc ./Core/Src/stm32f3xx_it.o
                0x08004454                TIM2_IRQHandler
 .text.TIM3_IRQHandler
                0x08004460        0xc ./Core/Src/stm32f3xx_it.o
                0x08004460                TIM3_IRQHandler
 .text.ADC3_IRQHandler
                0x0800446c        0xc ./Core/Src/stm32f3xx_it.o
                0x0800446c                ADC3_IRQHandler
 .text.DMA2_Channel1_IRQHandler
                0x08004478        0xc ./Core/Src/stm32f3xx_it.o
                0x08004478                DMA2_Channel1_IRQHandler
 .text.DMA2_Channel5_IRQHandler
                0x08004484        0xc ./Core/Src/stm32f3xx_it.o
                0x08004484                DMA2_Channel5_IRQHandler
 .text._getpid  0x08004490        0x4 ./Core/Src/syscalls.o
                0x08004490                _getpid
 .text._kill    0x08004494       0x10 ./Core/Src/syscalls.o
                0x08004494                _kill
 .text._exit    0x080044a4        0xc ./Core/Src/syscalls.o
                0x080044a4                _exit
 .text._read    0x080044b0       0x1c ./Core/Src/syscalls.o
                0x080044b0                _read
 .text._write   0x080044cc       0x1c ./Core/Src/syscalls.o
                0x080044cc                _write
 .text._close   0x080044e8        0x6 ./Core/Src/syscalls.o
                0x080044e8                _close
 .text._fstat   0x080044ee        0xa ./Core/Src/syscalls.o
                0x080044ee                _fstat
 .text._isatty  0x080044f8        0x4 ./Core/Src/syscalls.o
                0x080044f8                _isatty
 .text._lseek   0x080044fc        0x4 ./Core/Src/syscalls.o
                0x080044fc                _lseek
 .text._sbrk    0x08004500       0x40 ./Core/Src/sysmem.o
                0x08004500                _sbrk
 .text.uart_transmit_string
                0x08004540       0x1e ./Core/Src/system_management.o
                0x08004540                uart_transmit_string
 *fill*         0x0800455e        0x2 
 .text.Debug_printf
                0x08004560       0x30 ./Core/Src/system_management.o
                0x08004560                Debug_printf
 .text.SystemInit
                0x08004590       0x14 ./Core/Src/system_stm32f3xx.o
                0x08004590                SystemInit
 .text.Reset_Handler
                0x080045a4       0x50 ./Core/Startup/startup_stm32f303rctx.o
                0x080045a4                Reset_Handler
 .text.Default_Handler
                0x080045f4        0x2 ./Core/Startup/startup_stm32f303rctx.o
                0x080045f4                RTC_Alarm_IRQHandler
                0x080045f4                TIM8_TRG_COM_IRQHandler
                0x080045f4                TIM8_CC_IRQHandler
                0x080045f4                TIM1_CC_IRQHandler
                0x080045f4                USB_HP_IRQHandler
                0x080045f4                PVD_IRQHandler
                0x080045f4                TAMP_STAMP_IRQHandler
                0x080045f4                EXTI3_IRQHandler
                0x080045f4                USB_HP_CAN_TX_IRQHandler
                0x080045f4                EXTI0_IRQHandler
                0x080045f4                I2C2_EV_IRQHandler
                0x080045f4                FPU_IRQHandler
                0x080045f4                TIM1_UP_TIM16_IRQHandler
                0x080045f4                ADC1_2_IRQHandler
                0x080045f4                SPI1_IRQHandler
                0x080045f4                CAN_SCE_IRQHandler
                0x080045f4                TIM6_DAC_IRQHandler
                0x080045f4                TIM8_UP_IRQHandler
                0x080045f4                DMA2_Channel2_IRQHandler
                0x080045f4                DMA1_Channel4_IRQHandler
                0x080045f4                USART3_IRQHandler
                0x080045f4                DMA1_Channel7_IRQHandler
                0x080045f4                UART5_IRQHandler
                0x080045f4                TIM4_IRQHandler
                0x080045f4                CAN_RX1_IRQHandler
                0x080045f4                I2C1_EV_IRQHandler
                0x080045f4                UART4_IRQHandler
                0x080045f4                DMA2_Channel4_IRQHandler
                0x080045f4                RCC_IRQHandler
                0x080045f4                DMA1_Channel1_IRQHandler
                0x080045f4                Default_Handler
                0x080045f4                USBWakeUp_RMP_IRQHandler
                0x080045f4                EXTI15_10_IRQHandler
                0x080045f4                TIM7_IRQHandler
                0x080045f4                EXTI9_5_IRQHandler
                0x080045f4                RTC_WKUP_IRQHandler
                0x080045f4                SPI2_IRQHandler
                0x080045f4                USB_LP_CAN_RX0_IRQHandler
                0x080045f4                USB_LP_IRQHandler
                0x080045f4                EXTI4_IRQHandler
                0x080045f4                TIM1_TRG_COM_TIM17_IRQHandler
                0x080045f4                ADC4_IRQHandler
                0x080045f4                WWDG_IRQHandler
                0x080045f4                COMP7_IRQHandler
                0x080045f4                COMP1_2_3_IRQHandler
                0x080045f4                EXTI1_IRQHandler
                0x080045f4                USART2_IRQHandler
                0x080045f4                COMP4_5_6_IRQHandler
                0x080045f4                I2C2_ER_IRQHandler
                0x080045f4                DMA1_Channel2_IRQHandler
                0x080045f4                TIM8_BRK_IRQHandler
                0x080045f4                FLASH_IRQHandler
                0x080045f4                USART1_IRQHandler
                0x080045f4                SPI3_IRQHandler
                0x080045f4                I2C1_ER_IRQHandler
                0x080045f4                USBWakeUp_IRQHandler
                0x080045f4                DMA2_Channel3_IRQHandler
                0x080045f4                EXTI2_TSC_IRQHandler
                0x080045f4                TIM1_BRK_TIM15_IRQHandler
 *fill*         0x080045f6        0x2 
 .text.HAL_Init
                0x080045f8       0x24 ./Drivers/STM32F3xx_HAL_Driver/Src/stm32f3xx_hal.o
                0x080045f8                HAL_Init
 .text.HAL_IncTick
                0x0800461c       0x18 ./Drivers/STM32F3xx_HAL_Driver/Src/stm32f3xx_hal.o
                0x0800461c                HAL_IncTick
 .text.HAL_GetTick
                0x08004634        0xc ./Drivers/STM32F3xx_HAL_Driver/Src/stm32f3xx_hal.o
                0x08004634                HAL_GetTick
 .text.HAL_Delay
                0x08004640       0x28 ./Drivers/STM32F3xx_HAL_Driver/Src/stm32f3xx_hal.o
                0x08004640                HAL_Delay
 .text.HAL_ADC_ConvCpltCallback
                0x08004668        0x2 ./Drivers/STM32F3xx_HAL_Driver/Src/stm32f3xx_hal_adc.o
                0x08004668                HAL_ADC_ConvCpltCallback
 .text.HAL_ADC_LevelOutOfWindowCallback
                0x0800466a        0x2 ./Drivers/STM32F3xx_HAL_Driver/Src/stm32f3xx_hal_adc.o
                0x0800466a                HAL_ADC_LevelOutOfWindowCallback
 .text.HAL_ADC_ErrorCallback
                0x0800466c        0x2 ./Drivers/STM32F3xx_HAL_Driver/Src/stm32f3xx_hal_adc.o
                0x0800466c                HAL_ADC_ErrorCallback
 .text.ADC_Disable
                0x0800466e       0x64 ./Drivers/STM32F3xx_HAL_Driver/Src/stm32f3xx_hal_adc_ex.o
 *fill*         0x080046d2        0x2 
 .text.HAL_ADC_Init
                0x080046d4      0x238 ./Drivers/STM32F3xx_HAL_Driver/Src/stm32f3xx_hal_adc_ex.o
                0x080046d4                HAL_ADC_Init
 .text.HAL_ADCEx_InjectedConvCpltCallback
                0x0800490c        0x2 ./Drivers/STM32F3xx_HAL_Driver/Src/stm32f3xx_hal_adc_ex.o
                0x0800490c                HAL_ADCEx_InjectedConvCpltCallback
 .text.HAL_ADCEx_InjectedQueueOverflowCallback
                0x0800490e        0x2 ./Drivers/STM32F3xx_HAL_Driver/Src/stm32f3xx_hal_adc_ex.o
                0x0800490e                HAL_ADCEx_InjectedQueueOverflowCallback
 .text.HAL_ADCEx_LevelOutOfWindow2Callback
                0x08004910        0x2 ./Drivers/STM32F3xx_HAL_Driver/Src/stm32f3xx_hal_adc_ex.o
                0x08004910                HAL_ADCEx_LevelOutOfWindow2Callback
 .text.HAL_ADCEx_LevelOutOfWindow3Callback
                0x08004912        0x2 ./Drivers/STM32F3xx_HAL_Driver/Src/stm32f3xx_hal_adc_ex.o
                0x08004912                HAL_ADCEx_LevelOutOfWindow3Callback
 .text.HAL_ADC_IRQHandler
                0x08004914      0x3c4 ./Drivers/STM32F3xx_HAL_Driver/Src/stm32f3xx_hal_adc_ex.o
                0x08004914                HAL_ADC_IRQHandler
 .text.HAL_ADC_ConfigChannel
                0x08004cd8      0x308 ./Drivers/STM32F3xx_HAL_Driver/Src/stm32f3xx_hal_adc_ex.o
                0x08004cd8                HAL_ADC_ConfigChannel
 .text.HAL_ADCEx_MultiModeConfigChannel
                0x08004fe0      0x108 ./Drivers/STM32F3xx_HAL_Driver/Src/stm32f3xx_hal_adc_ex.o
                0x08004fe0                HAL_ADCEx_MultiModeConfigChannel
 .text.HAL_NVIC_SetPriorityGrouping
                0x080050e8       0x24 ./Drivers/STM32F3xx_HAL_Driver/Src/stm32f3xx_hal_cortex.o
                0x080050e8                HAL_NVIC_SetPriorityGrouping
 .text.HAL_NVIC_SetPriority
                0x0800510c       0x64 ./Drivers/STM32F3xx_HAL_Driver/Src/stm32f3xx_hal_cortex.o
                0x0800510c                HAL_NVIC_SetPriority
 .text.HAL_NVIC_EnableIRQ
                0x08005170       0x1c ./Drivers/STM32F3xx_HAL_Driver/Src/stm32f3xx_hal_cortex.o
                0x08005170                HAL_NVIC_EnableIRQ
 .text.DMA_CalcBaseAndBitshift
                0x0800518c       0x40 ./Drivers/STM32F3xx_HAL_Driver/Src/stm32f3xx_hal_dma.o
 .text.HAL_DMA_Init
                0x080051cc       0x44 ./Drivers/STM32F3xx_HAL_Driver/Src/stm32f3xx_hal_dma.o
                0x080051cc                HAL_DMA_Init
 .text.HAL_DMA_Start_IT
                0x08005210       0x76 ./Drivers/STM32F3xx_HAL_Driver/Src/stm32f3xx_hal_dma.o
                0x08005210                HAL_DMA_Start_IT
 .text.HAL_DMA_Abort
                0x08005286       0x3e ./Drivers/STM32F3xx_HAL_Driver/Src/stm32f3xx_hal_dma.o
                0x08005286                HAL_DMA_Abort
 .text.HAL_DMA_IRQHandler
                0x080052c4       0x8c ./Drivers/STM32F3xx_HAL_Driver/Src/stm32f3xx_hal_dma.o
                0x080052c4                HAL_DMA_IRQHandler
 .text.HAL_DMA_GetError
                0x08005350        0x4 ./Drivers/STM32F3xx_HAL_Driver/Src/stm32f3xx_hal_dma.o
                0x08005350                HAL_DMA_GetError
 .text.HAL_GPIO_Init
                0x08005354      0x188 ./Drivers/STM32F3xx_HAL_Driver/Src/stm32f3xx_hal_gpio.o
                0x08005354                HAL_GPIO_Init
 .text.HAL_GPIO_WritePin
                0x080054dc        0xa ./Drivers/STM32F3xx_HAL_Driver/Src/stm32f3xx_hal_gpio.o
                0x080054dc                HAL_GPIO_WritePin
 *fill*         0x080054e6        0x2 
 .text.HAL_PWR_EnableBkUpAccess
                0x080054e8       0x10 ./Drivers/STM32F3xx_HAL_Driver/Src/stm32f3xx_hal_pwr.o
                0x080054e8                HAL_PWR_EnableBkUpAccess
 .text.HAL_RCC_OscConfig
                0x080054f8      0x4b8 ./Drivers/STM32F3xx_HAL_Driver/Src/stm32f3xx_hal_rcc.o
                0x080054f8                HAL_RCC_OscConfig
 .text.HAL_RCC_GetSysClockFreq
                0x080059b0       0x48 ./Drivers/STM32F3xx_HAL_Driver/Src/stm32f3xx_hal_rcc.o
                0x080059b0                HAL_RCC_GetSysClockFreq
 .text.HAL_RCC_ClockConfig
                0x080059f8      0x150 ./Drivers/STM32F3xx_HAL_Driver/Src/stm32f3xx_hal_rcc.o
                0x080059f8                HAL_RCC_ClockConfig
 .text.HAL_RCC_GetPCLK1Freq
                0x08005b48       0x30 ./Drivers/STM32F3xx_HAL_Driver/Src/stm32f3xx_hal_rcc.o
                0x08005b48                HAL_RCC_GetPCLK1Freq
 .text.HAL_RCC_GetPCLK2Freq
                0x08005b78       0x30 ./Drivers/STM32F3xx_HAL_Driver/Src/stm32f3xx_hal_rcc.o
                0x08005b78                HAL_RCC_GetPCLK2Freq
 .text.HAL_RCC_GetClockConfig
                0x08005ba8       0x3c ./Drivers/STM32F3xx_HAL_Driver/Src/stm32f3xx_hal_rcc.o
                0x08005ba8                HAL_RCC_GetClockConfig
 .text.HAL_RCCEx_PeriphCLKConfig
                0x08005be4      0x1fc ./Drivers/STM32F3xx_HAL_Driver/Src/stm32f3xx_hal_rcc_ex.o
                0x08005be4                HAL_RCCEx_PeriphCLKConfig
 .text.HAL_RTC_WaitForSynchro
                0x08005de0       0x30 ./Drivers/STM32F3xx_HAL_Driver/Src/stm32f3xx_hal_rtc.o
                0x08005de0                HAL_RTC_WaitForSynchro
 .text.RTC_EnterInitMode
                0x08005e10       0x42 ./Drivers/STM32F3xx_HAL_Driver/Src/stm32f3xx_hal_rtc.o
                0x08005e10                RTC_EnterInitMode
 .text.RTC_ExitInitMode
                0x08005e52       0x28 ./Drivers/STM32F3xx_HAL_Driver/Src/stm32f3xx_hal_rtc.o
                0x08005e52                RTC_ExitInitMode
 .text.HAL_RTC_Init
                0x08005e7a       0x90 ./Drivers/STM32F3xx_HAL_Driver/Src/stm32f3xx_hal_rtc.o
                0x08005e7a                HAL_RTC_Init
 .text.RTC_ByteToBcd2
                0x08005f0a       0x16 ./Drivers/STM32F3xx_HAL_Driver/Src/stm32f3xx_hal_rtc.o
                0x08005f0a                RTC_ByteToBcd2
 .text.HAL_RTC_SetTime
                0x08005f20       0xb4 ./Drivers/STM32F3xx_HAL_Driver/Src/stm32f3xx_hal_rtc.o
                0x08005f20                HAL_RTC_SetTime
 .text.HAL_RTC_SetDate
                0x08005fd4       0x8e ./Drivers/STM32F3xx_HAL_Driver/Src/stm32f3xx_hal_rtc.o
                0x08005fd4                HAL_RTC_SetDate
 .text.RTC_Bcd2ToByte
                0x08006062       0x12 ./Drivers/STM32F3xx_HAL_Driver/Src/stm32f3xx_hal_rtc.o
                0x08006062                RTC_Bcd2ToByte
 .text.HAL_RTC_GetTime
                0x08006074       0x46 ./Drivers/STM32F3xx_HAL_Driver/Src/stm32f3xx_hal_rtc.o
                0x08006074                HAL_RTC_GetTime
 .text.HAL_RTC_GetDate
                0x080060ba       0x3a ./Drivers/STM32F3xx_HAL_Driver/Src/stm32f3xx_hal_rtc.o
                0x080060ba                HAL_RTC_GetDate
 .text.SPI_WaitFlagStateUntilTimeout.constprop.0
                0x080060f4       0xa4 ./Drivers/STM32F3xx_HAL_Driver/Src/stm32f3xx_hal_spi.o
 .text.SPI_WaitFifoStateUntilTimeout.constprop.0
                0x08006198       0xc8 ./Drivers/STM32F3xx_HAL_Driver/Src/stm32f3xx_hal_spi.o
 .text.SPI_EndRxTransaction
                0x08006260       0x6e ./Drivers/STM32F3xx_HAL_Driver/Src/stm32f3xx_hal_spi.o
 .text.SPI_EndRxTxTransaction
                0x080062ce       0x44 ./Drivers/STM32F3xx_HAL_Driver/Src/stm32f3xx_hal_spi.o
 .text.HAL_SPI_Init
                0x08006312       0xdc ./Drivers/STM32F3xx_HAL_Driver/Src/stm32f3xx_hal_spi.o
                0x08006312                HAL_SPI_Init
 .text.HAL_SPI_Transmit
                0x080063ee      0x194 ./Drivers/STM32F3xx_HAL_Driver/Src/stm32f3xx_hal_spi.o
                0x080063ee                HAL_SPI_Transmit
 .text.HAL_SPI_TransmitReceive
                0x08006582      0x260 ./Drivers/STM32F3xx_HAL_Driver/Src/stm32f3xx_hal_spi.o
                0x08006582                HAL_SPI_TransmitReceive
 .text.HAL_SPI_Receive
                0x080067e2      0x16e ./Drivers/STM32F3xx_HAL_Driver/Src/stm32f3xx_hal_spi.o
                0x080067e2                HAL_SPI_Receive
 .text.HAL_TIM_Base_Start_IT
                0x08006950       0x6c ./Drivers/STM32F3xx_HAL_Driver/Src/stm32f3xx_hal_tim.o
                0x08006950                HAL_TIM_Base_Start_IT
 .text.HAL_TIM_OC_DelayElapsedCallback
                0x080069bc        0x2 ./Drivers/STM32F3xx_HAL_Driver/Src/stm32f3xx_hal_tim.o
                0x080069bc                HAL_TIM_OC_DelayElapsedCallback
 .text.HAL_TIM_IC_CaptureCallback
                0x080069be        0x2 ./Drivers/STM32F3xx_HAL_Driver/Src/stm32f3xx_hal_tim.o
                0x080069be                HAL_TIM_IC_CaptureCallback
 .text.HAL_TIM_PWM_PulseFinishedCallback
                0x080069c0        0x2 ./Drivers/STM32F3xx_HAL_Driver/Src/stm32f3xx_hal_tim.o
                0x080069c0                HAL_TIM_PWM_PulseFinishedCallback
 .text.HAL_TIM_TriggerCallback
                0x080069c2        0x2 ./Drivers/STM32F3xx_HAL_Driver/Src/stm32f3xx_hal_tim.o
                0x080069c2                HAL_TIM_TriggerCallback
 .text.HAL_TIM_IRQHandler
                0x080069c4      0x13e ./Drivers/STM32F3xx_HAL_Driver/Src/stm32f3xx_hal_tim.o
                0x080069c4                HAL_TIM_IRQHandler
 *fill*         0x08006b02        0x2 
 .text.TIM_Base_SetConfig
                0x08006b04       0xc8 ./Drivers/STM32F3xx_HAL_Driver/Src/stm32f3xx_hal_tim.o
                0x08006b04                TIM_Base_SetConfig
 .text.HAL_TIM_Base_Init
                0x08006bcc       0x60 ./Drivers/STM32F3xx_HAL_Driver/Src/stm32f3xx_hal_tim.o
                0x08006bcc                HAL_TIM_Base_Init
 .text.TIM_ETR_SetConfig
                0x08006c2c       0x14 ./Drivers/STM32F3xx_HAL_Driver/Src/stm32f3xx_hal_tim.o
                0x08006c2c                TIM_ETR_SetConfig
 .text.HAL_TIM_ConfigClockSource
                0x08006c40      0x134 ./Drivers/STM32F3xx_HAL_Driver/Src/stm32f3xx_hal_tim.o
                0x08006c40                HAL_TIM_ConfigClockSource
 .text.HAL_TIMEx_MasterConfigSynchronization
                0x08006d74       0x84 ./Drivers/STM32F3xx_HAL_Driver/Src/stm32f3xx_hal_tim_ex.o
                0x08006d74                HAL_TIMEx_MasterConfigSynchronization
 .text.HAL_TIMEx_CommutCallback
                0x08006df8        0x2 ./Drivers/STM32F3xx_HAL_Driver/Src/stm32f3xx_hal_tim_ex.o
                0x08006df8                HAL_TIMEx_CommutCallback
 .text.HAL_TIMEx_BreakCallback
                0x08006dfa        0x2 ./Drivers/STM32F3xx_HAL_Driver/Src/stm32f3xx_hal_tim_ex.o
                0x08006dfa                HAL_TIMEx_BreakCallback
 .text.HAL_TIMEx_Break2Callback
                0x08006dfc        0x2 ./Drivers/STM32F3xx_HAL_Driver/Src/stm32f3xx_hal_tim_ex.o
                0x08006dfc                HAL_TIMEx_Break2Callback
 .text.UART_EndRxTransfer
                0x08006dfe       0x50 ./Drivers/STM32F3xx_HAL_Driver/Src/stm32f3xx_hal_uart.o
 .text.HAL_UART_Abort
                0x08006e4e       0xe2 ./Drivers/STM32F3xx_HAL_Driver/Src/stm32f3xx_hal_uart.o
                0x08006e4e                HAL_UART_Abort
 .text.HAL_UART_RxCpltCallback
                0x08006f30        0x2 ./Drivers/STM32F3xx_HAL_Driver/Src/stm32f3xx_hal_uart.o
                0x08006f30                HAL_UART_RxCpltCallback
 .text.HAL_UART_RxHalfCpltCallback
                0x08006f32        0x2 ./Drivers/STM32F3xx_HAL_Driver/Src/stm32f3xx_hal_uart.o
                0x08006f32                HAL_UART_RxHalfCpltCallback
 .text.HAL_UART_ErrorCallback
                0x08006f34        0x2 ./Drivers/STM32F3xx_HAL_Driver/Src/stm32f3xx_hal_uart.o
                0x08006f34                HAL_UART_ErrorCallback
 .text.UART_DMAError
                0x08006f36       0x56 ./Drivers/STM32F3xx_HAL_Driver/Src/stm32f3xx_hal_uart.o
 .text.HAL_UARTEx_RxEventCallback
                0x08006f8c        0x2 ./Drivers/STM32F3xx_HAL_Driver/Src/stm32f3xx_hal_uart.o
                0x08006f8c                HAL_UARTEx_RxEventCallback
 .text.UART_DMARxHalfCplt
                0x08006f8e       0x20 ./Drivers/STM32F3xx_HAL_Driver/Src/stm32f3xx_hal_uart.o
 .text.UART_DMAReceiveCplt
                0x08006fae       0x8c ./Drivers/STM32F3xx_HAL_Driver/Src/stm32f3xx_hal_uart.o
 *fill*         0x0800703a        0x2 
 .text.UART_SetConfig
                0x0800703c      0x1b4 ./Drivers/STM32F3xx_HAL_Driver/Src/stm32f3xx_hal_uart.o
                0x0800703c                UART_SetConfig
 .text.UART_AdvFeatureConfig
                0x080071f0       0xa8 ./Drivers/STM32F3xx_HAL_Driver/Src/stm32f3xx_hal_uart.o
                0x080071f0                UART_AdvFeatureConfig
 .text.UART_WaitOnFlagUntilTimeout
                0x08007298       0x90 ./Drivers/STM32F3xx_HAL_Driver/Src/stm32f3xx_hal_uart.o
                0x08007298                UART_WaitOnFlagUntilTimeout
 .text.HAL_UART_Transmit
                0x08007328       0xa2 ./Drivers/STM32F3xx_HAL_Driver/Src/stm32f3xx_hal_uart.o
                0x08007328                HAL_UART_Transmit
 .text.UART_CheckIdleState
                0x080073ca       0xb2 ./Drivers/STM32F3xx_HAL_Driver/Src/stm32f3xx_hal_uart.o
                0x080073ca                UART_CheckIdleState
 .text.HAL_UART_Init
                0x0800747c       0x5c ./Drivers/STM32F3xx_HAL_Driver/Src/stm32f3xx_hal_uart.o
                0x0800747c                HAL_UART_Init
 .text.UART_Start_Receive_DMA
                0x080074d8       0x9c ./Drivers/STM32F3xx_HAL_Driver/Src/stm32f3xx_hal_uart.o
                0x080074d8                UART_Start_Receive_DMA
 .text.HAL_UART_Receive_DMA
                0x08007574       0x3a ./Drivers/STM32F3xx_HAL_Driver/Src/stm32f3xx_hal_uart.o
                0x08007574                HAL_UART_Receive_DMA
 .text.osKernelStart
                0x080075ae        0xa ./Middlewares/Third_Party/FreeRTOS/Source/CMSIS_RTOS/cmsis_os.o
                0x080075ae                osKernelStart
 .text.osThreadCreate
                0x080075b8       0x50 ./Middlewares/Third_Party/FreeRTOS/Source/CMSIS_RTOS/cmsis_os.o
                0x080075b8                osThreadCreate
 .text.osDelay  0x08007608       0x10 ./Middlewares/Third_Party/FreeRTOS/Source/CMSIS_RTOS/cmsis_os.o
                0x08007608                osDelay
 .text.osSemaphoreCreate
                0x08007618       0x44 ./Middlewares/Third_Party/FreeRTOS/Source/CMSIS_RTOS/cmsis_os.o
                0x08007618                osSemaphoreCreate
 .text.osPoolCreate
                0x0800765c       0x5a ./Middlewares/Third_Party/FreeRTOS/Source/CMSIS_RTOS/cmsis_os.o
                0x0800765c                osPoolCreate
 .text.osPoolAlloc
                0x080076b6       0x6a ./Middlewares/Third_Party/FreeRTOS/Source/CMSIS_RTOS/cmsis_os.o
                0x080076b6                osPoolAlloc
 .text.osPoolFree
                0x08007720       0x2a ./Middlewares/Third_Party/FreeRTOS/Source/CMSIS_RTOS/cmsis_os.o
                0x08007720                osPoolFree
 .text.osMailCreate
                0x0800774a       0x56 ./Middlewares/Third_Party/FreeRTOS/Source/CMSIS_RTOS/cmsis_os.o
                0x0800774a                osMailCreate
 .text.osMailAlloc
                0x080077a0        0xa ./Middlewares/Third_Party/FreeRTOS/Source/CMSIS_RTOS/cmsis_os.o
                0x080077a0                osMailAlloc
 .text.osMailPut
                0x080077aa       0x56 ./Middlewares/Third_Party/FreeRTOS/Source/CMSIS_RTOS/cmsis_os.o
                0x080077aa                osMailPut
 .text.osMailGet
                0x08007800       0x72 ./Middlewares/Third_Party/FreeRTOS/Source/CMSIS_RTOS/cmsis_os.o
                0x08007800                osMailGet
 .text.osMailFree
                0x08007872        0xc ./Middlewares/Third_Party/FreeRTOS/Source/CMSIS_RTOS/cmsis_os.o
                0x08007872                osMailFree
 .text.vListInitialise
                0x0800787e       0x16 ./Middlewares/Third_Party/FreeRTOS/Source/list.o
                0x0800787e                vListInitialise
 .text.vListInitialiseItem
                0x08007894        0x6 ./Middlewares/Third_Party/FreeRTOS/Source/list.o
                0x08007894                vListInitialiseItem
 .text.vListInsertEnd
                0x0800789a       0x16 ./Middlewares/Third_Party/FreeRTOS/Source/list.o
                0x0800789a                vListInsertEnd
 .text.vListInsert
                0x080078b0       0x2e ./Middlewares/Third_Party/FreeRTOS/Source/list.o
                0x080078b0                vListInsert
 .text.uxListRemove
                0x080078de       0x20 ./Middlewares/Third_Party/FreeRTOS/Source/list.o
                0x080078de                uxListRemove
 .text.prvIsQueueEmpty
                0x080078fe       0x16 ./Middlewares/Third_Party/FreeRTOS/Source/queue.o
 .text.prvCopyDataToQueue
                0x08007914       0x66 ./Middlewares/Third_Party/FreeRTOS/Source/queue.o
 .text.prvCopyDataFromQueue
                0x0800797a       0x2c ./Middlewares/Third_Party/FreeRTOS/Source/queue.o
 .text.prvUnlockQueue
                0x080079a6       0x70 ./Middlewares/Third_Party/FreeRTOS/Source/queue.o
 .text.xQueueGenericReset
                0x08007a16       0x7e ./Middlewares/Third_Party/FreeRTOS/Source/queue.o
                0x08007a16                xQueueGenericReset
 .text.xQueueGenericCreateStatic
                0x08007a94       0x92 ./Middlewares/Third_Party/FreeRTOS/Source/queue.o
                0x08007a94                xQueueGenericCreateStatic
 .text.xQueueGenericCreate
                0x08007b26       0x48 ./Middlewares/Third_Party/FreeRTOS/Source/queue.o
                0x08007b26                xQueueGenericCreate
 .text.xQueueGenericSend
                0x08007b6e      0x164 ./Middlewares/Third_Party/FreeRTOS/Source/queue.o
                0x08007b6e                xQueueGenericSend
 .text.xQueueGenericSendFromISR
                0x08007cd2       0xb8 ./Middlewares/Third_Party/FreeRTOS/Source/queue.o
                0x08007cd2                xQueueGenericSendFromISR
 .text.xQueueReceive
                0x08007d8a      0x13c ./Middlewares/Third_Party/FreeRTOS/Source/queue.o
                0x08007d8a                xQueueReceive
 .text.xQueueReceiveFromISR
                0x08007ec6       0x9a ./Middlewares/Third_Party/FreeRTOS/Source/queue.o
                0x08007ec6                xQueueReceiveFromISR
 .text.prvAddNewTaskToReadyList
                0x08007f60       0xfc ./Middlewares/Third_Party/FreeRTOS/Source/tasks.o
 .text.prvAddCurrentTaskToDelayedList
                0x0800805c       0x88 ./Middlewares/Third_Party/FreeRTOS/Source/tasks.o
 .text.prvResetNextTaskUnblockTime
                0x080080e4       0x24 ./Middlewares/Third_Party/FreeRTOS/Source/tasks.o
 .text.prvDeleteTCB
                0x08008108       0x36 ./Middlewares/Third_Party/FreeRTOS/Source/tasks.o
 *fill*         0x0800813e        0x2 
 .text.prvIdleTask
                0x08008140       0x60 ./Middlewares/Third_Party/FreeRTOS/Source/tasks.o
 .text.prvInitialiseNewTask.constprop.0
                0x080081a0       0x82 ./Middlewares/Third_Party/FreeRTOS/Source/tasks.o
 .text.xTaskCreateStatic
                0x08008222       0x6e ./Middlewares/Third_Party/FreeRTOS/Source/tasks.o
                0x08008222                xTaskCreateStatic
 .text.xTaskCreate
                0x08008290       0x5c ./Middlewares/Third_Party/FreeRTOS/Source/tasks.o
                0x08008290                xTaskCreate
 .text.vTaskStartScheduler
                0x080082ec       0x70 ./Middlewares/Third_Party/FreeRTOS/Source/tasks.o
                0x080082ec                vTaskStartScheduler
 .text.vTaskSuspendAll
                0x0800835c       0x10 ./Middlewares/Third_Party/FreeRTOS/Source/tasks.o
                0x0800835c                vTaskSuspendAll
 .text.xTaskIncrementTick
                0x0800836c      0x130 ./Middlewares/Third_Party/FreeRTOS/Source/tasks.o
                0x0800836c                xTaskIncrementTick
 .text.xTaskResumeAll
                0x0800849c       0xec ./Middlewares/Third_Party/FreeRTOS/Source/tasks.o
                0x0800849c                xTaskResumeAll
 .text.vTaskDelay
                0x08008588       0x48 ./Middlewares/Third_Party/FreeRTOS/Source/tasks.o
                0x08008588                vTaskDelay
 .text.vTaskSwitchContext
                0x080085d0       0x74 ./Middlewares/Third_Party/FreeRTOS/Source/tasks.o
                0x080085d0                vTaskSwitchContext
 .text.vTaskPlaceOnEventList
                0x08008644       0x34 ./Middlewares/Third_Party/FreeRTOS/Source/tasks.o
                0x08008644                vTaskPlaceOnEventList
 .text.xTaskRemoveFromEventList
                0x08008678       0x84 ./Middlewares/Third_Party/FreeRTOS/Source/tasks.o
                0x08008678                xTaskRemoveFromEventList
 .text.vTaskInternalSetTimeOutState
                0x080086fc       0x18 ./Middlewares/Third_Party/FreeRTOS/Source/tasks.o
                0x080086fc                vTaskInternalSetTimeOutState
 .text.xTaskCheckForTimeOut
                0x08008714       0x78 ./Middlewares/Third_Party/FreeRTOS/Source/tasks.o
                0x08008714                xTaskCheckForTimeOut
 .text.vTaskMissedYield
                0x0800878c        0xc ./Middlewares/Third_Party/FreeRTOS/Source/tasks.o
                0x0800878c                vTaskMissedYield
 .text.xTaskGetSchedulerState
                0x08008798       0x20 ./Middlewares/Third_Party/FreeRTOS/Source/tasks.o
                0x08008798                xTaskGetSchedulerState
 .text.xTaskPriorityDisinherit
                0x080087b8       0xa0 ./Middlewares/Third_Party/FreeRTOS/Source/tasks.o
                0x080087b8                xTaskPriorityDisinherit
 .text.prvPortStartFirstTask
                0x08008858       0x28 ./Middlewares/Third_Party/FreeRTOS/Source/portable/GCC/ARM_CM4F/port.o
 .text.vPortEnableVFP
                0x08008880       0x14 ./Middlewares/Third_Party/FreeRTOS/Source/portable/GCC/ARM_CM4F/port.o
 .text.prvTaskExitError
                0x08008894       0x40 ./Middlewares/Third_Party/FreeRTOS/Source/portable/GCC/ARM_CM4F/port.o
 .text.pxPortInitialiseStack
                0x080088d4       0x2c ./Middlewares/Third_Party/FreeRTOS/Source/portable/GCC/ARM_CM4F/port.o
                0x080088d4                pxPortInitialiseStack
 .text.SVC_Handler
                0x08008900       0x24 ./Middlewares/Third_Party/FreeRTOS/Source/portable/GCC/ARM_CM4F/port.o
                0x08008900                SVC_Handler
 .text.vPortEnterCritical
                0x08008924       0x40 ./Middlewares/Third_Party/FreeRTOS/Source/portable/GCC/ARM_CM4F/port.o
                0x08008924                vPortEnterCritical
 .text.vPortExitCritical
                0x08008964       0x28 ./Middlewares/Third_Party/FreeRTOS/Source/portable/GCC/ARM_CM4F/port.o
                0x08008964                vPortExitCritical
 *fill*         0x0800898c        0x4 
 .text.PendSV_Handler
                0x08008990       0x64 ./Middlewares/Third_Party/FreeRTOS/Source/portable/GCC/ARM_CM4F/port.o
                0x08008990                PendSV_Handler
 .text.SysTick_Handler
                0x080089f4       0x2c ./Middlewares/Third_Party/FreeRTOS/Source/portable/GCC/ARM_CM4F/port.o
                0x080089f4                SysTick_Handler
 .text.vPortSetupTimerInterrupt
                0x08008a20       0x24 ./Middlewares/Third_Party/FreeRTOS/Source/portable/GCC/ARM_CM4F/port.o
                0x08008a20                vPortSetupTimerInterrupt
 .text.xPortStartScheduler
                0x08008a44      0x104 ./Middlewares/Third_Party/FreeRTOS/Source/portable/GCC/ARM_CM4F/port.o
                0x08008a44                xPortStartScheduler
 .text.vPortValidateInterruptPriority
                0x08008b48       0x5c ./Middlewares/Third_Party/FreeRTOS/Source/portable/GCC/ARM_CM4F/port.o
                0x08008b48                vPortValidateInterruptPriority
 .text.prvInsertBlockIntoFreeList
                0x08008ba4       0x4c ./Middlewares/Third_Party/FreeRTOS/Source/portable/MemMang/heap_4.o
 .text.pvPortMalloc
                0x08008bf0      0x124 ./Middlewares/Third_Party/FreeRTOS/Source/portable/MemMang/heap_4.o
                0x08008bf0                pvPortMalloc
 .text.vPortFree
                0x08008d14       0x70 ./Middlewares/Third_Party/FreeRTOS/Source/portable/MemMang/heap_4.o
                0x08008d14                vPortFree
 .text.atoi     0x08008d84        0x8 C:/ST/STM32CubeIDE_1.16.1/STM32CubeIDE/plugins/com.st.stm32cube.ide.mcu.externaltools.gnu-tools-for-stm32.12.3.rel1.win32_1.0.200.202406191623/tools/bin/../lib/gcc/arm-none-eabi/12.3.1/../../../../arm-none-eabi/lib/thumb/v7e-m+fp/hard\libc_nano.a(libc_a-atoi.o)
                0x08008d84                atoi
 .text.malloc   0x08008d8c       0x10 C:/ST/STM32CubeIDE_1.16.1/STM32CubeIDE/plugins/com.st.stm32cube.ide.mcu.externaltools.gnu-tools-for-stm32.12.3.rel1.win32_1.0.200.202406191623/tools/bin/../lib/gcc/arm-none-eabi/12.3.1/../../../../arm-none-eabi/lib/thumb/v7e-m+fp/hard\libc_nano.a(libc_a-malloc.o)
                0x08008d8c                malloc
 .text.free     0x08008d9c       0x10 C:/ST/STM32CubeIDE_1.16.1/STM32CubeIDE/plugins/com.st.stm32cube.ide.mcu.externaltools.gnu-tools-for-stm32.12.3.rel1.win32_1.0.200.202406191623/tools/bin/../lib/gcc/arm-none-eabi/12.3.1/../../../../arm-none-eabi/lib/thumb/v7e-m+fp/hard\libc_nano.a(libc_a-malloc.o)
                0x08008d9c                free
 .text.sbrk_aligned
                0x08008dac       0x44 C:/ST/STM32CubeIDE_1.16.1/STM32CubeIDE/plugins/com.st.stm32cube.ide.mcu.externaltools.gnu-tools-for-stm32.12.3.rel1.win32_1.0.200.202406191623/tools/bin/../lib/gcc/arm-none-eabi/12.3.1/../../../../arm-none-eabi/lib/thumb/v7e-m+fp/hard\libc_nano.a(libc_a-mallocr.o)
 .text._malloc_r
                0x08008df0      0x100 C:/ST/STM32CubeIDE_1.16.1/STM32CubeIDE/plugins/com.st.stm32cube.ide.mcu.externaltools.gnu-tools-for-stm32.12.3.rel1.win32_1.0.200.202406191623/tools/bin/../lib/gcc/arm-none-eabi/12.3.1/../../../../arm-none-eabi/lib/thumb/v7e-m+fp/hard\libc_nano.a(libc_a-mallocr.o)
                0x08008df0                _malloc_r
 .text.__malloc_lock
                0x08008ef0        0xc C:/ST/STM32CubeIDE_1.16.1/STM32CubeIDE/plugins/com.st.stm32cube.ide.mcu.externaltools.gnu-tools-for-stm32.12.3.rel1.win32_1.0.200.202406191623/tools/bin/../lib/gcc/arm-none-eabi/12.3.1/../../../../arm-none-eabi/lib/thumb/v7e-m+fp/hard\libc_nano.a(libc_a-mlock.o)
                0x08008ef0                __malloc_lock
 .text.__malloc_unlock
                0x08008efc        0xc C:/ST/STM32CubeIDE_1.16.1/STM32CubeIDE/plugins/com.st.stm32cube.ide.mcu.externaltools.gnu-tools-for-stm32.12.3.rel1.win32_1.0.200.202406191623/tools/bin/../lib/gcc/arm-none-eabi/12.3.1/../../../../arm-none-eabi/lib/thumb/v7e-m+fp/hard\libc_nano.a(libc_a-mlock.o)
                0x08008efc                __malloc_unlock
 .text.sulp     0x08008f08       0x3c C:/ST/STM32CubeIDE_1.16.1/STM32CubeIDE/plugins/com.st.stm32cube.ide.mcu.externaltools.gnu-tools-for-stm32.12.3.rel1.win32_1.0.200.202406191623/tools/bin/../lib/gcc/arm-none-eabi/12.3.1/../../../../arm-none-eabi/lib/thumb/v7e-m+fp/hard\libc_nano.a(libc_a-strtod.o)
 *fill*         0x08008f44        0x4 
 .text._strtod_l
                0x08008f48      0xbc8 C:/ST/STM32CubeIDE_1.16.1/STM32CubeIDE/plugins/com.st.stm32cube.ide.mcu.externaltools.gnu-tools-for-stm32.12.3.rel1.win32_1.0.200.202406191623/tools/bin/../lib/gcc/arm-none-eabi/12.3.1/../../../../arm-none-eabi/lib/thumb/v7e-m+fp/hard\libc_nano.a(libc_a-strtod.o)
                0x08008f48                _strtod_l
 .text._strtod_r
                0x08009b10        0xc C:/ST/STM32CubeIDE_1.16.1/STM32CubeIDE/plugins/com.st.stm32cube.ide.mcu.externaltools.gnu-tools-for-stm32.12.3.rel1.win32_1.0.200.202406191623/tools/bin/../lib/gcc/arm-none-eabi/12.3.1/../../../../arm-none-eabi/lib/thumb/v7e-m+fp/hard\libc_nano.a(libc_a-strtod.o)
                0x08009b10                _strtod_r
 .text._strtol_l.constprop.0
                0x08009b1c       0xf4 C:/ST/STM32CubeIDE_1.16.1/STM32CubeIDE/plugins/com.st.stm32cube.ide.mcu.externaltools.gnu-tools-for-stm32.12.3.rel1.win32_1.0.200.202406191623/tools/bin/../lib/gcc/arm-none-eabi/12.3.1/../../../../arm-none-eabi/lib/thumb/v7e-m+fp/hard\libc_nano.a(libc_a-strtol.o)
 .text._strtol_r
                0x08009c10        0x4 C:/ST/STM32CubeIDE_1.16.1/STM32CubeIDE/plugins/com.st.stm32cube.ide.mcu.externaltools.gnu-tools-for-stm32.12.3.rel1.win32_1.0.200.202406191623/tools/bin/../lib/gcc/arm-none-eabi/12.3.1/../../../../arm-none-eabi/lib/thumb/v7e-m+fp/hard\libc_nano.a(libc_a-strtol.o)
                0x08009c10                _strtol_r
 .text.strtol   0x08009c14       0x14 C:/ST/STM32CubeIDE_1.16.1/STM32CubeIDE/plugins/com.st.stm32cube.ide.mcu.externaltools.gnu-tools-for-stm32.12.3.rel1.win32_1.0.200.202406191623/tools/bin/../lib/gcc/arm-none-eabi/12.3.1/../../../../arm-none-eabi/lib/thumb/v7e-m+fp/hard\libc_nano.a(libc_a-strtol.o)
                0x08009c14                strtol
 .text.__cvt    0x08009c28       0xca C:/ST/STM32CubeIDE_1.16.1/STM32CubeIDE/plugins/com.st.stm32cube.ide.mcu.externaltools.gnu-tools-for-stm32.12.3.rel1.win32_1.0.200.202406191623/tools/bin/../lib/gcc/arm-none-eabi/12.3.1/../../../../arm-none-eabi/lib/thumb/v7e-m+fp/hard\libc_nano.a(libc_a-nano-vfprintf_float.o)
                0x08009c28                __cvt
 .text.__exponent
                0x08009cf2       0x74 C:/ST/STM32CubeIDE_1.16.1/STM32CubeIDE/plugins/com.st.stm32cube.ide.mcu.externaltools.gnu-tools-for-stm32.12.3.rel1.win32_1.0.200.202406191623/tools/bin/../lib/gcc/arm-none-eabi/12.3.1/../../../../arm-none-eabi/lib/thumb/v7e-m+fp/hard\libc_nano.a(libc_a-nano-vfprintf_float.o)
                0x08009cf2                __exponent
 *fill*         0x08009d66        0x2 
 .text._printf_float
                0x08009d68      0x454 C:/ST/STM32CubeIDE_1.16.1/STM32CubeIDE/plugins/com.st.stm32cube.ide.mcu.externaltools.gnu-tools-for-stm32.12.3.rel1.win32_1.0.200.202406191623/tools/bin/../lib/gcc/arm-none-eabi/12.3.1/../../../../arm-none-eabi/lib/thumb/v7e-m+fp/hard\libc_nano.a(libc_a-nano-vfprintf_float.o)
                0x08009d68                _printf_float
 .text._printf_common
                0x0800a1bc       0xda C:/ST/STM32CubeIDE_1.16.1/STM32CubeIDE/plugins/com.st.stm32cube.ide.mcu.externaltools.gnu-tools-for-stm32.12.3.rel1.win32_1.0.200.202406191623/tools/bin/../lib/gcc/arm-none-eabi/12.3.1/../../../../arm-none-eabi/lib/thumb/v7e-m+fp/hard\libc_nano.a(libc_a-nano-vfprintf_i.o)
                0x0800a1bc                _printf_common
 *fill*         0x0800a296        0x2 
 .text._printf_i
                0x0800a298      0x240 C:/ST/STM32CubeIDE_1.16.1/STM32CubeIDE/plugins/com.st.stm32cube.ide.mcu.externaltools.gnu-tools-for-stm32.12.3.rel1.win32_1.0.200.202406191623/tools/bin/../lib/gcc/arm-none-eabi/12.3.1/../../../../arm-none-eabi/lib/thumb/v7e-m+fp/hard\libc_nano.a(libc_a-nano-vfprintf_i.o)
                0x0800a298                _printf_i
 .text._scanf_float
                0x0800a4d8      0x428 C:/ST/STM32CubeIDE_1.16.1/STM32CubeIDE/plugins/com.st.stm32cube.ide.mcu.externaltools.gnu-tools-for-stm32.12.3.rel1.win32_1.0.200.202406191623/tools/bin/../lib/gcc/arm-none-eabi/12.3.1/../../../../arm-none-eabi/lib/thumb/v7e-m+fp/hard\libc_nano.a(libc_a-nano-vfscanf_float.o)
                0x0800a4d8                _scanf_float
 .text.std      0x0800a900       0x6c C:/ST/STM32CubeIDE_1.16.1/STM32CubeIDE/plugins/com.st.stm32cube.ide.mcu.externaltools.gnu-tools-for-stm32.12.3.rel1.win32_1.0.200.202406191623/tools/bin/../lib/gcc/arm-none-eabi/12.3.1/../../../../arm-none-eabi/lib/thumb/v7e-m+fp/hard\libc_nano.a(libc_a-findfp.o)
 .text.stdio_exit_handler
                0x0800a96c       0x18 C:/ST/STM32CubeIDE_1.16.1/STM32CubeIDE/plugins/com.st.stm32cube.ide.mcu.externaltools.gnu-tools-for-stm32.12.3.rel1.win32_1.0.200.202406191623/tools/bin/../lib/gcc/arm-none-eabi/12.3.1/../../../../arm-none-eabi/lib/thumb/v7e-m+fp/hard\libc_nano.a(libc_a-findfp.o)
 .text.cleanup_stdio
                0x0800a984       0x40 C:/ST/STM32CubeIDE_1.16.1/STM32CubeIDE/plugins/com.st.stm32cube.ide.mcu.externaltools.gnu-tools-for-stm32.12.3.rel1.win32_1.0.200.202406191623/tools/bin/../lib/gcc/arm-none-eabi/12.3.1/../../../../arm-none-eabi/lib/thumb/v7e-m+fp/hard\libc_nano.a(libc_a-findfp.o)
 .text.global_stdio_init.part.0
                0x0800a9c4       0x3c C:/ST/STM32CubeIDE_1.16.1/STM32CubeIDE/plugins/com.st.stm32cube.ide.mcu.externaltools.gnu-tools-for-stm32.12.3.rel1.win32_1.0.200.202406191623/tools/bin/../lib/gcc/arm-none-eabi/12.3.1/../../../../arm-none-eabi/lib/thumb/v7e-m+fp/hard\libc_nano.a(libc_a-findfp.o)
 .text.__sfp_lock_acquire
                0x0800aa00        0xc C:/ST/STM32CubeIDE_1.16.1/STM32CubeIDE/plugins/com.st.stm32cube.ide.mcu.externaltools.gnu-tools-for-stm32.12.3.rel1.win32_1.0.200.202406191623/tools/bin/../lib/gcc/arm-none-eabi/12.3.1/../../../../arm-none-eabi/lib/thumb/v7e-m+fp/hard\libc_nano.a(libc_a-findfp.o)
                0x0800aa00                __sfp_lock_acquire
 .text.__sfp_lock_release
                0x0800aa0c        0xc C:/ST/STM32CubeIDE_1.16.1/STM32CubeIDE/plugins/com.st.stm32cube.ide.mcu.externaltools.gnu-tools-for-stm32.12.3.rel1.win32_1.0.200.202406191623/tools/bin/../lib/gcc/arm-none-eabi/12.3.1/../../../../arm-none-eabi/lib/thumb/v7e-m+fp/hard\libc_nano.a(libc_a-findfp.o)
                0x0800aa0c                __sfp_lock_release
 .text.__sinit  0x0800aa18       0x30 C:/ST/STM32CubeIDE_1.16.1/STM32CubeIDE/plugins/com.st.stm32cube.ide.mcu.externaltools.gnu-tools-for-stm32.12.3.rel1.win32_1.0.200.202406191623/tools/bin/../lib/gcc/arm-none-eabi/12.3.1/../../../../arm-none-eabi/lib/thumb/v7e-m+fp/hard\libc_nano.a(libc_a-findfp.o)
                0x0800aa18                __sinit
 .text._fwalk_sglue
                0x0800aa48       0x3c C:/ST/STM32CubeIDE_1.16.1/STM32CubeIDE/plugins/com.st.stm32cube.ide.mcu.externaltools.gnu-tools-for-stm32.12.3.rel1.win32_1.0.200.202406191623/tools/bin/../lib/gcc/arm-none-eabi/12.3.1/../../../../arm-none-eabi/lib/thumb/v7e-m+fp/hard\libc_nano.a(libc_a-fwalk.o)
                0x0800aa48                _fwalk_sglue
 .text._puts_r  0x0800aa84       0xaa C:/ST/STM32CubeIDE_1.16.1/STM32CubeIDE/plugins/com.st.stm32cube.ide.mcu.externaltools.gnu-tools-for-stm32.12.3.rel1.win32_1.0.200.202406191623/tools/bin/../lib/gcc/arm-none-eabi/12.3.1/../../../../arm-none-eabi/lib/thumb/v7e-m+fp/hard\libc_nano.a(libc_a-puts.o)
                0x0800aa84                _puts_r
 *fill*         0x0800ab2e        0x2 
 .text.puts     0x0800ab30       0x10 C:/ST/STM32CubeIDE_1.16.1/STM32CubeIDE/plugins/com.st.stm32cube.ide.mcu.externaltools.gnu-tools-for-stm32.12.3.rel1.win32_1.0.200.202406191623/tools/bin/../lib/gcc/arm-none-eabi/12.3.1/../../../../arm-none-eabi/lib/thumb/v7e-m+fp/hard\libc_nano.a(libc_a-puts.o)
                0x0800ab30                puts
 .text.snprintf
                0x0800ab40       0x68 C:/ST/STM32CubeIDE_1.16.1/STM32CubeIDE/plugins/com.st.stm32cube.ide.mcu.externaltools.gnu-tools-for-stm32.12.3.rel1.win32_1.0.200.202406191623/tools/bin/../lib/gcc/arm-none-eabi/12.3.1/../../../../arm-none-eabi/lib/thumb/v7e-m+fp/hard\libc_nano.a(libc_a-snprintf.o)
                0x0800ab40                sniprintf
                0x0800ab40                snprintf
 .text.sprintf  0x0800aba8       0x40 C:/ST/STM32CubeIDE_1.16.1/STM32CubeIDE/plugins/com.st.stm32cube.ide.mcu.externaltools.gnu-tools-for-stm32.12.3.rel1.win32_1.0.200.202406191623/tools/bin/../lib/gcc/arm-none-eabi/12.3.1/../../../../arm-none-eabi/lib/thumb/v7e-m+fp/hard\libc_nano.a(libc_a-sprintf.o)
                0x0800aba8                siprintf
                0x0800aba8                sprintf
 .text.sscanf   0x0800abe8       0x54 C:/ST/STM32CubeIDE_1.16.1/STM32CubeIDE/plugins/com.st.stm32cube.ide.mcu.externaltools.gnu-tools-for-stm32.12.3.rel1.win32_1.0.200.202406191623/tools/bin/../lib/gcc/arm-none-eabi/12.3.1/../../../../arm-none-eabi/lib/thumb/v7e-m+fp/hard\libc_nano.a(libc_a-sscanf.o)
                0x0800abe8                siscanf
                0x0800abe8                sscanf
 .text.__sread  0x0800ac3c       0x22 C:/ST/STM32CubeIDE_1.16.1/STM32CubeIDE/plugins/com.st.stm32cube.ide.mcu.externaltools.gnu-tools-for-stm32.12.3.rel1.win32_1.0.200.202406191623/tools/bin/../lib/gcc/arm-none-eabi/12.3.1/../../../../arm-none-eabi/lib/thumb/v7e-m+fp/hard\libc_nano.a(libc_a-stdio.o)
                0x0800ac3c                __sread
 .text.__seofread
                0x0800ac5e        0x4 C:/ST/STM32CubeIDE_1.16.1/STM32CubeIDE/plugins/com.st.stm32cube.ide.mcu.externaltools.gnu-tools-for-stm32.12.3.rel1.win32_1.0.200.202406191623/tools/bin/../lib/gcc/arm-none-eabi/12.3.1/../../../../arm-none-eabi/lib/thumb/v7e-m+fp/hard\libc_nano.a(libc_a-stdio.o)
                0x0800ac5e                __seofread
 .text.__swrite
                0x0800ac62       0x38 C:/ST/STM32CubeIDE_1.16.1/STM32CubeIDE/plugins/com.st.stm32cube.ide.mcu.externaltools.gnu-tools-for-stm32.12.3.rel1.win32_1.0.200.202406191623/tools/bin/../lib/gcc/arm-none-eabi/12.3.1/../../../../arm-none-eabi/lib/thumb/v7e-m+fp/hard\libc_nano.a(libc_a-stdio.o)
                0x0800ac62                __swrite
 .text.__sseek  0x0800ac9a       0x24 C:/ST/STM32CubeIDE_1.16.1/STM32CubeIDE/plugins/com.st.stm32cube.ide.mcu.externaltools.gnu-tools-for-stm32.12.3.rel1.win32_1.0.200.202406191623/tools/bin/../lib/gcc/arm-none-eabi/12.3.1/../../../../arm-none-eabi/lib/thumb/v7e-m+fp/hard\libc_nano.a(libc_a-stdio.o)
                0x0800ac9a                __sseek
 .text.__sclose
                0x0800acbe        0x8 C:/ST/STM32CubeIDE_1.16.1/STM32CubeIDE/plugins/com.st.stm32cube.ide.mcu.externaltools.gnu-tools-for-stm32.12.3.rel1.win32_1.0.200.202406191623/tools/bin/../lib/gcc/arm-none-eabi/12.3.1/../../../../arm-none-eabi/lib/thumb/v7e-m+fp/hard\libc_nano.a(libc_a-stdio.o)
                0x0800acbe                __sclose
 .text._vsnprintf_r
                0x0800acc6       0x56 C:/ST/STM32CubeIDE_1.16.1/STM32CubeIDE/plugins/com.st.stm32cube.ide.mcu.externaltools.gnu-tools-for-stm32.12.3.rel1.win32_1.0.200.202406191623/tools/bin/../lib/gcc/arm-none-eabi/12.3.1/../../../../arm-none-eabi/lib/thumb/v7e-m+fp/hard\libc_nano.a(libc_a-vsnprintf.o)
                0x0800acc6                _vsniprintf_r
                0x0800acc6                _vsnprintf_r
 .text.vsnprintf
                0x0800ad1c       0x1c C:/ST/STM32CubeIDE_1.16.1/STM32CubeIDE/plugins/com.st.stm32cube.ide.mcu.externaltools.gnu-tools-for-stm32.12.3.rel1.win32_1.0.200.202406191623/tools/bin/../lib/gcc/arm-none-eabi/12.3.1/../../../../arm-none-eabi/lib/thumb/v7e-m+fp/hard\libc_nano.a(libc_a-vsnprintf.o)
                0x0800ad1c                vsniprintf
                0x0800ad1c                vsnprintf
 .text.__swbuf_r
                0x0800ad38       0x7c C:/ST/STM32CubeIDE_1.16.1/STM32CubeIDE/plugins/com.st.stm32cube.ide.mcu.externaltools.gnu-tools-for-stm32.12.3.rel1.win32_1.0.200.202406191623/tools/bin/../lib/gcc/arm-none-eabi/12.3.1/../../../../arm-none-eabi/lib/thumb/v7e-m+fp/hard\libc_nano.a(libc_a-wbuf.o)
                0x0800ad38                __swbuf_r
 .text.__swsetup_r
                0x0800adb4       0xac C:/ST/STM32CubeIDE_1.16.1/STM32CubeIDE/plugins/com.st.stm32cube.ide.mcu.externaltools.gnu-tools-for-stm32.12.3.rel1.win32_1.0.200.202406191623/tools/bin/../lib/gcc/arm-none-eabi/12.3.1/../../../../arm-none-eabi/lib/thumb/v7e-m+fp/hard\libc_nano.a(libc_a-wsetup.o)
                0x0800adb4                __swsetup_r
 .text.memset   0x0800ae60       0x10 C:/ST/STM32CubeIDE_1.16.1/STM32CubeIDE/plugins/com.st.stm32cube.ide.mcu.externaltools.gnu-tools-for-stm32.12.3.rel1.win32_1.0.200.202406191623/tools/bin/../lib/gcc/arm-none-eabi/12.3.1/../../../../arm-none-eabi/lib/thumb/v7e-m+fp/hard\libc_nano.a(libc_a-memset.o)
                0x0800ae60                memset
 .text.strchr   0x0800ae70       0x1a C:/ST/STM32CubeIDE_1.16.1/STM32CubeIDE/plugins/com.st.stm32cube.ide.mcu.externaltools.gnu-tools-for-stm32.12.3.rel1.win32_1.0.200.202406191623/tools/bin/../lib/gcc/arm-none-eabi/12.3.1/../../../../arm-none-eabi/lib/thumb/v7e-m+fp/hard\libc_nano.a(libc_a-strchr.o)
                0x0800ae70                strchr
 .text.strncmp  0x0800ae8a       0x24 C:/ST/STM32CubeIDE_1.16.1/STM32CubeIDE/plugins/com.st.stm32cube.ide.mcu.externaltools.gnu-tools-for-stm32.12.3.rel1.win32_1.0.200.202406191623/tools/bin/../lib/gcc/arm-none-eabi/12.3.1/../../../../arm-none-eabi/lib/thumb/v7e-m+fp/hard\libc_nano.a(libc_a-strncmp.o)
                0x0800ae8a                strncmp
 .text.strncpy  0x0800aeae       0x26 C:/ST/STM32CubeIDE_1.16.1/STM32CubeIDE/plugins/com.st.stm32cube.ide.mcu.externaltools.gnu-tools-for-stm32.12.3.rel1.win32_1.0.200.202406191623/tools/bin/../lib/gcc/arm-none-eabi/12.3.1/../../../../arm-none-eabi/lib/thumb/v7e-m+fp/hard\libc_nano.a(libc_a-strncpy.o)
                0x0800aeae                strncpy
 .text.strrchr  0x0800aed4       0x2c C:/ST/STM32CubeIDE_1.16.1/STM32CubeIDE/plugins/com.st.stm32cube.ide.mcu.externaltools.gnu-tools-for-stm32.12.3.rel1.win32_1.0.200.202406191623/tools/bin/../lib/gcc/arm-none-eabi/12.3.1/../../../../arm-none-eabi/lib/thumb/v7e-m+fp/hard\libc_nano.a(libc_a-strrchr.o)
                0x0800aed4                strrchr
 .text.strstr   0x0800af00       0x2c C:/ST/STM32CubeIDE_1.16.1/STM32CubeIDE/plugins/com.st.stm32cube.ide.mcu.externaltools.gnu-tools-for-stm32.12.3.rel1.win32_1.0.200.202406191623/tools/bin/../lib/gcc/arm-none-eabi/12.3.1/../../../../arm-none-eabi/lib/thumb/v7e-m+fp/hard\libc_nano.a(libc_a-strstr.o)
                0x0800af00                strstr
 .text.validate_structure
                0x0800af2c      0x1a8 C:/ST/STM32CubeIDE_1.16.1/STM32CubeIDE/plugins/com.st.stm32cube.ide.mcu.externaltools.gnu-tools-for-stm32.12.3.rel1.win32_1.0.200.202406191623/tools/bin/../lib/gcc/arm-none-eabi/12.3.1/../../../../arm-none-eabi/lib/thumb/v7e-m+fp/hard\libc_nano.a(libc_a-mktime.o)
 .text.mktime   0x0800b0d4      0x360 C:/ST/STM32CubeIDE_1.16.1/STM32CubeIDE/plugins/com.st.stm32cube.ide.mcu.externaltools.gnu-tools-for-stm32.12.3.rel1.win32_1.0.200.202406191623/tools/bin/../lib/gcc/arm-none-eabi/12.3.1/../../../../arm-none-eabi/lib/thumb/v7e-m+fp/hard\libc_nano.a(libc_a-mktime.o)
                0x0800b0d4                mktime
 .text.__tzcalc_limits
                0x0800b434      0x154 C:/ST/STM32CubeIDE_1.16.1/STM32CubeIDE/plugins/com.st.stm32cube.ide.mcu.externaltools.gnu-tools-for-stm32.12.3.rel1.win32_1.0.200.202406191623/tools/bin/../lib/gcc/arm-none-eabi/12.3.1/../../../../arm-none-eabi/lib/thumb/v7e-m+fp/hard\libc_nano.a(libc_a-tzcalc_limits.o)
                0x0800b434                __tzcalc_limits
 .text.__tz_lock
                0x0800b588        0xc C:/ST/STM32CubeIDE_1.16.1/STM32CubeIDE/plugins/com.st.stm32cube.ide.mcu.externaltools.gnu-tools-for-stm32.12.3.rel1.win32_1.0.200.202406191623/tools/bin/../lib/gcc/arm-none-eabi/12.3.1/../../../../arm-none-eabi/lib/thumb/v7e-m+fp/hard\libc_nano.a(libc_a-tzlock.o)
                0x0800b588                __tz_lock
 .text.__tz_unlock
                0x0800b594        0xc C:/ST/STM32CubeIDE_1.16.1/STM32CubeIDE/plugins/com.st.stm32cube.ide.mcu.externaltools.gnu-tools-for-stm32.12.3.rel1.win32_1.0.200.202406191623/tools/bin/../lib/gcc/arm-none-eabi/12.3.1/../../../../arm-none-eabi/lib/thumb/v7e-m+fp/hard\libc_nano.a(libc_a-tzlock.o)
                0x0800b594                __tz_unlock
 .text._tzset_unlocked
                0x0800b5a0        0xc C:/ST/STM32CubeIDE_1.16.1/STM32CubeIDE/plugins/com.st.stm32cube.ide.mcu.externaltools.gnu-tools-for-stm32.12.3.rel1.win32_1.0.200.202406191623/tools/bin/../lib/gcc/arm-none-eabi/12.3.1/../../../../arm-none-eabi/lib/thumb/v7e-m+fp/hard\libc_nano.a(libc_a-tzset.o)
                0x0800b5a0                _tzset_unlocked
 .text._tzset_unlocked_r
                0x0800b5ac      0x444 C:/ST/STM32CubeIDE_1.16.1/STM32CubeIDE/plugins/com.st.stm32cube.ide.mcu.externaltools.gnu-tools-for-stm32.12.3.rel1.win32_1.0.200.202406191623/tools/bin/../lib/gcc/arm-none-eabi/12.3.1/../../../../arm-none-eabi/lib/thumb/v7e-m+fp/hard\libc_nano.a(libc_a-tzset_r.o)
                0x0800b5ac                _tzset_unlocked_r
 .text._localeconv_r
                0x0800b9f0        0x8 C:/ST/STM32CubeIDE_1.16.1/STM32CubeIDE/plugins/com.st.stm32cube.ide.mcu.externaltools.gnu-tools-for-stm32.12.3.rel1.win32_1.0.200.202406191623/tools/bin/../lib/gcc/arm-none-eabi/12.3.1/../../../../arm-none-eabi/lib/thumb/v7e-m+fp/hard\libc_nano.a(libc_a-localeconv.o)
                0x0800b9f0                _localeconv_r
 .text._close_r
                0x0800b9f8       0x20 C:/ST/STM32CubeIDE_1.16.1/STM32CubeIDE/plugins/com.st.stm32cube.ide.mcu.externaltools.gnu-tools-for-stm32.12.3.rel1.win32_1.0.200.202406191623/tools/bin/../lib/gcc/arm-none-eabi/12.3.1/../../../../arm-none-eabi/lib/thumb/v7e-m+fp/hard\libc_nano.a(libc_a-closer.o)
                0x0800b9f8                _close_r
 .text._lseek_r
                0x0800ba18       0x24 C:/ST/STM32CubeIDE_1.16.1/STM32CubeIDE/plugins/com.st.stm32cube.ide.mcu.externaltools.gnu-tools-for-stm32.12.3.rel1.win32_1.0.200.202406191623/tools/bin/../lib/gcc/arm-none-eabi/12.3.1/../../../../arm-none-eabi/lib/thumb/v7e-m+fp/hard\libc_nano.a(libc_a-lseekr.o)
                0x0800ba18                _lseek_r
 .text._read_r  0x0800ba3c       0x24 C:/ST/STM32CubeIDE_1.16.1/STM32CubeIDE/plugins/com.st.stm32cube.ide.mcu.externaltools.gnu-tools-for-stm32.12.3.rel1.win32_1.0.200.202406191623/tools/bin/../lib/gcc/arm-none-eabi/12.3.1/../../../../arm-none-eabi/lib/thumb/v7e-m+fp/hard\libc_nano.a(libc_a-readr.o)
                0x0800ba3c                _read_r
 .text._sbrk_r  0x0800ba60       0x20 C:/ST/STM32CubeIDE_1.16.1/STM32CubeIDE/plugins/com.st.stm32cube.ide.mcu.externaltools.gnu-tools-for-stm32.12.3.rel1.win32_1.0.200.202406191623/tools/bin/../lib/gcc/arm-none-eabi/12.3.1/../../../../arm-none-eabi/lib/thumb/v7e-m+fp/hard\libc_nano.a(libc_a-sbrkr.o)
                0x0800ba60                _sbrk_r
 .text._write_r
                0x0800ba80       0x24 C:/ST/STM32CubeIDE_1.16.1/STM32CubeIDE/plugins/com.st.stm32cube.ide.mcu.externaltools.gnu-tools-for-stm32.12.3.rel1.win32_1.0.200.202406191623/tools/bin/../lib/gcc/arm-none-eabi/12.3.1/../../../../arm-none-eabi/lib/thumb/v7e-m+fp/hard\libc_nano.a(libc_a-writer.o)
                0x0800ba80                _write_r
 .text.__errno  0x0800baa4        0xc C:/ST/STM32CubeIDE_1.16.1/STM32CubeIDE/plugins/com.st.stm32cube.ide.mcu.externaltools.gnu-tools-for-stm32.12.3.rel1.win32_1.0.200.202406191623/tools/bin/../lib/gcc/arm-none-eabi/12.3.1/../../../../arm-none-eabi/lib/thumb/v7e-m+fp/hard\libc_nano.a(libc_a-errno.o)
                0x0800baa4                __errno
 .text.__libc_init_array
                0x0800bab0       0x48 C:/ST/STM32CubeIDE_1.16.1/STM32CubeIDE/plugins/com.st.stm32cube.ide.mcu.externaltools.gnu-tools-for-stm32.12.3.rel1.win32_1.0.200.202406191623/tools/bin/../lib/gcc/arm-none-eabi/12.3.1/../../../../arm-none-eabi/lib/thumb/v7e-m+fp/hard\libc_nano.a(libc_a-init.o)
                0x0800bab0                __libc_init_array
 .text.__retarget_lock_init_recursive
                0x0800baf8        0x2 C:/ST/STM32CubeIDE_1.16.1/STM32CubeIDE/plugins/com.st.stm32cube.ide.mcu.externaltools.gnu-tools-for-stm32.12.3.rel1.win32_1.0.200.202406191623/tools/bin/../lib/gcc/arm-none-eabi/12.3.1/../../../../arm-none-eabi/lib/thumb/v7e-m+fp/hard\libc_nano.a(libc_a-lock.o)
                0x0800baf8                __retarget_lock_init_recursive
 .text.__retarget_lock_acquire
                0x0800bafa        0x2 C:/ST/STM32CubeIDE_1.16.1/STM32CubeIDE/plugins/com.st.stm32cube.ide.mcu.externaltools.gnu-tools-for-stm32.12.3.rel1.win32_1.0.200.202406191623/tools/bin/../lib/gcc/arm-none-eabi/12.3.1/../../../../arm-none-eabi/lib/thumb/v7e-m+fp/hard\libc_nano.a(libc_a-lock.o)
                0x0800bafa                __retarget_lock_acquire
 .text.__retarget_lock_acquire_recursive
                0x0800bafc        0x2 C:/ST/STM32CubeIDE_1.16.1/STM32CubeIDE/plugins/com.st.stm32cube.ide.mcu.externaltools.gnu-tools-for-stm32.12.3.rel1.win32_1.0.200.202406191623/tools/bin/../lib/gcc/arm-none-eabi/12.3.1/../../../../arm-none-eabi/lib/thumb/v7e-m+fp/hard\libc_nano.a(libc_a-lock.o)
                0x0800bafc                __retarget_lock_acquire_recursive
 .text.__retarget_lock_release
                0x0800bafe        0x2 C:/ST/STM32CubeIDE_1.16.1/STM32CubeIDE/plugins/com.st.stm32cube.ide.mcu.externaltools.gnu-tools-for-stm32.12.3.rel1.win32_1.0.200.202406191623/tools/bin/../lib/gcc/arm-none-eabi/12.3.1/../../../../arm-none-eabi/lib/thumb/v7e-m+fp/hard\libc_nano.a(libc_a-lock.o)
                0x0800bafe                __retarget_lock_release
 .text.__retarget_lock_release_recursive
                0x0800bb00        0x2 C:/ST/STM32CubeIDE_1.16.1/STM32CubeIDE/plugins/com.st.stm32cube.ide.mcu.externaltools.gnu-tools-for-stm32.12.3.rel1.win32_1.0.200.202406191623/tools/bin/../lib/gcc/arm-none-eabi/12.3.1/../../../../arm-none-eabi/lib/thumb/v7e-m+fp/hard\libc_nano.a(libc_a-lock.o)
                0x0800bb00                __retarget_lock_release_recursive
 .text.strcpy   0x0800bb02       0x10 C:/ST/STM32CubeIDE_1.16.1/STM32CubeIDE/plugins/com.st.stm32cube.ide.mcu.externaltools.gnu-tools-for-stm32.12.3.rel1.win32_1.0.200.202406191623/tools/bin/../lib/gcc/arm-none-eabi/12.3.1/../../../../arm-none-eabi/lib/thumb/v7e-m+fp/hard\libc_nano.a(libc_a-strcpy.o)
                0x0800bb02                strcpy
 .text.memcpy   0x0800bb12       0x1c C:/ST/STM32CubeIDE_1.16.1/STM32CubeIDE/plugins/com.st.stm32cube.ide.mcu.externaltools.gnu-tools-for-stm32.12.3.rel1.win32_1.0.200.202406191623/tools/bin/../lib/gcc/arm-none-eabi/12.3.1/../../../../arm-none-eabi/lib/thumb/v7e-m+fp/hard\libc_nano.a(libc_a-memcpy-stub.o)
                0x0800bb12                memcpy
 *fill*         0x0800bb2e        0x2 
 .text.nan      0x0800bb30       0x10 C:/ST/STM32CubeIDE_1.16.1/STM32CubeIDE/plugins/com.st.stm32cube.ide.mcu.externaltools.gnu-tools-for-stm32.12.3.rel1.win32_1.0.200.202406191623/tools/bin/../lib/gcc/arm-none-eabi/12.3.1/../../../../arm-none-eabi/lib/thumb/v7e-m+fp/hard\libc_nano.a(libm_a-s_nan.o)
                0x0800bb30                nan
 .text.nanf     0x0800bb40        0xc C:/ST/STM32CubeIDE_1.16.1/STM32CubeIDE/plugins/com.st.stm32cube.ide.mcu.externaltools.gnu-tools-for-stm32.12.3.rel1.win32_1.0.200.202406191623/tools/bin/../lib/gcc/arm-none-eabi/12.3.1/../../../../arm-none-eabi/lib/thumb/v7e-m+fp/hard\libc_nano.a(libm_a-sf_nan.o)
                0x0800bb40                nanf
 .text.div      0x0800bb4c       0x10 C:/ST/STM32CubeIDE_1.16.1/STM32CubeIDE/plugins/com.st.stm32cube.ide.mcu.externaltools.gnu-tools-for-stm32.12.3.rel1.win32_1.0.200.202406191623/tools/bin/../lib/gcc/arm-none-eabi/12.3.1/../../../../arm-none-eabi/lib/thumb/v7e-m+fp/hard\libc_nano.a(libc_a-div.o)
                0x0800bb4c                div
 .text.quorem   0x0800bb5c      0x110 C:/ST/STM32CubeIDE_1.16.1/STM32CubeIDE/plugins/com.st.stm32cube.ide.mcu.externaltools.gnu-tools-for-stm32.12.3.rel1.win32_1.0.200.202406191623/tools/bin/../lib/gcc/arm-none-eabi/12.3.1/../../../../arm-none-eabi/lib/thumb/v7e-m+fp/hard\libc_nano.a(libc_a-dtoa.o)
 *fill*         0x0800bc6c        0x4 
 .text._dtoa_r  0x0800bc70      0xb88 C:/ST/STM32CubeIDE_1.16.1/STM32CubeIDE/plugins/com.st.stm32cube.ide.mcu.externaltools.gnu-tools-for-stm32.12.3.rel1.win32_1.0.200.202406191623/tools/bin/../lib/gcc/arm-none-eabi/12.3.1/../../../../arm-none-eabi/lib/thumb/v7e-m+fp/hard\libc_nano.a(libc_a-dtoa.o)
                0x0800bc70                _dtoa_r
 .text._free_r  0x0800c7f8       0x94 C:/ST/STM32CubeIDE_1.16.1/STM32CubeIDE/plugins/com.st.stm32cube.ide.mcu.externaltools.gnu-tools-for-stm32.12.3.rel1.win32_1.0.200.202406191623/tools/bin/../lib/gcc/arm-none-eabi/12.3.1/../../../../arm-none-eabi/lib/thumb/v7e-m+fp/hard\libc_nano.a(libc_a-freer.o)
                0x0800c7f8                _free_r
 .text.rshift   0x0800c88c       0xa4 C:/ST/STM32CubeIDE_1.16.1/STM32CubeIDE/plugins/com.st.stm32cube.ide.mcu.externaltools.gnu-tools-for-stm32.12.3.rel1.win32_1.0.200.202406191623/tools/bin/../lib/gcc/arm-none-eabi/12.3.1/../../../../arm-none-eabi/lib/thumb/v7e-m+fp/hard\libc_nano.a(libc_a-gdtoa-gethex.o)
 .text.__hexdig_fun
                0x0800c930       0x2a C:/ST/STM32CubeIDE_1.16.1/STM32CubeIDE/plugins/com.st.stm32cube.ide.mcu.externaltools.gnu-tools-for-stm32.12.3.rel1.win32_1.0.200.202406191623/tools/bin/../lib/gcc/arm-none-eabi/12.3.1/../../../../arm-none-eabi/lib/thumb/v7e-m+fp/hard\libc_nano.a(libc_a-gdtoa-gethex.o)
                0x0800c930                __hexdig_fun
 *fill*         0x0800c95a        0x2 
 .text.__gethex
                0x0800c95c      0x420 C:/ST/STM32CubeIDE_1.16.1/STM32CubeIDE/plugins/com.st.stm32cube.ide.mcu.externaltools.gnu-tools-for-stm32.12.3.rel1.win32_1.0.200.202406191623/tools/bin/../lib/gcc/arm-none-eabi/12.3.1/../../../../arm-none-eabi/lib/thumb/v7e-m+fp/hard\libc_nano.a(libc_a-gdtoa-gethex.o)
                0x0800c95c                __gethex
 .text.L_shift  0x0800cd7c       0x24 C:/ST/STM32CubeIDE_1.16.1/STM32CubeIDE/plugins/com.st.stm32cube.ide.mcu.externaltools.gnu-tools-for-stm32.12.3.rel1.win32_1.0.200.202406191623/tools/bin/../lib/gcc/arm-none-eabi/12.3.1/../../../../arm-none-eabi/lib/thumb/v7e-m+fp/hard\libc_nano.a(libc_a-gdtoa-hexnan.o)
 .text.__match  0x0800cda0       0x28 C:/ST/STM32CubeIDE_1.16.1/STM32CubeIDE/plugins/com.st.stm32cube.ide.mcu.externaltools.gnu-tools-for-stm32.12.3.rel1.win32_1.0.200.202406191623/tools/bin/../lib/gcc/arm-none-eabi/12.3.1/../../../../arm-none-eabi/lib/thumb/v7e-m+fp/hard\libc_nano.a(libc_a-gdtoa-hexnan.o)
                0x0800cda0                __match
 .text.__hexnan
                0x0800cdc8      0x136 C:/ST/STM32CubeIDE_1.16.1/STM32CubeIDE/plugins/com.st.stm32cube.ide.mcu.externaltools.gnu-tools-for-stm32.12.3.rel1.win32_1.0.200.202406191623/tools/bin/../lib/gcc/arm-none-eabi/12.3.1/../../../../arm-none-eabi/lib/thumb/v7e-m+fp/hard\libc_nano.a(libc_a-gdtoa-hexnan.o)
                0x0800cdc8                __hexnan
 *fill*         0x0800cefe        0x2 
 .text._findenv_r
                0x0800cf00       0x78 C:/ST/STM32CubeIDE_1.16.1/STM32CubeIDE/plugins/com.st.stm32cube.ide.mcu.externaltools.gnu-tools-for-stm32.12.3.rel1.win32_1.0.200.202406191623/tools/bin/../lib/gcc/arm-none-eabi/12.3.1/../../../../arm-none-eabi/lib/thumb/v7e-m+fp/hard\libc_nano.a(libc_a-getenv_r.o)
                0x0800cf00                _findenv_r
 .text._getenv_r
                0x0800cf78        0xe C:/ST/STM32CubeIDE_1.16.1/STM32CubeIDE/plugins/com.st.stm32cube.ide.mcu.externaltools.gnu-tools-for-stm32.12.3.rel1.win32_1.0.200.202406191623/tools/bin/../lib/gcc/arm-none-eabi/12.3.1/../../../../arm-none-eabi/lib/thumb/v7e-m+fp/hard\libc_nano.a(libc_a-getenv_r.o)
                0x0800cf78                _getenv_r
 .text.__ascii_mbtowc
                0x0800cf86       0x24 C:/ST/STM32CubeIDE_1.16.1/STM32CubeIDE/plugins/com.st.stm32cube.ide.mcu.externaltools.gnu-tools-for-stm32.12.3.rel1.win32_1.0.200.202406191623/tools/bin/../lib/gcc/arm-none-eabi/12.3.1/../../../../arm-none-eabi/lib/thumb/v7e-m+fp/hard\libc_nano.a(libc_a-mbtowc_r.o)
                0x0800cf86                __ascii_mbtowc
 *fill*         0x0800cfaa        0x2 
 .text._Balloc  0x0800cfac       0x80 C:/ST/STM32CubeIDE_1.16.1/STM32CubeIDE/plugins/com.st.stm32cube.ide.mcu.externaltools.gnu-tools-for-stm32.12.3.rel1.win32_1.0.200.202406191623/tools/bin/../lib/gcc/arm-none-eabi/12.3.1/../../../../arm-none-eabi/lib/thumb/v7e-m+fp/hard\libc_nano.a(libc_a-mprec.o)
                0x0800cfac                _Balloc
 .text._Bfree   0x0800d02c       0x44 C:/ST/STM32CubeIDE_1.16.1/STM32CubeIDE/plugins/com.st.stm32cube.ide.mcu.externaltools.gnu-tools-for-stm32.12.3.rel1.win32_1.0.200.202406191623/tools/bin/../lib/gcc/arm-none-eabi/12.3.1/../../../../arm-none-eabi/lib/thumb/v7e-m+fp/hard\libc_nano.a(libc_a-mprec.o)
                0x0800d02c                _Bfree
 .text.__multadd
                0x0800d070       0x8c C:/ST/STM32CubeIDE_1.16.1/STM32CubeIDE/plugins/com.st.stm32cube.ide.mcu.externaltools.gnu-tools-for-stm32.12.3.rel1.win32_1.0.200.202406191623/tools/bin/../lib/gcc/arm-none-eabi/12.3.1/../../../../arm-none-eabi/lib/thumb/v7e-m+fp/hard\libc_nano.a(libc_a-mprec.o)
                0x0800d070                __multadd
 .text.__s2b    0x0800d0fc       0x94 C:/ST/STM32CubeIDE_1.16.1/STM32CubeIDE/plugins/com.st.stm32cube.ide.mcu.externaltools.gnu-tools-for-stm32.12.3.rel1.win32_1.0.200.202406191623/tools/bin/../lib/gcc/arm-none-eabi/12.3.1/../../../../arm-none-eabi/lib/thumb/v7e-m+fp/hard\libc_nano.a(libc_a-mprec.o)
                0x0800d0fc                __s2b
 .text.__hi0bits
                0x0800d190       0x3e C:/ST/STM32CubeIDE_1.16.1/STM32CubeIDE/plugins/com.st.stm32cube.ide.mcu.externaltools.gnu-tools-for-stm32.12.3.rel1.win32_1.0.200.202406191623/tools/bin/../lib/gcc/arm-none-eabi/12.3.1/../../../../arm-none-eabi/lib/thumb/v7e-m+fp/hard\libc_nano.a(libc_a-mprec.o)
                0x0800d190                __hi0bits
 .text.__lo0bits
                0x0800d1ce       0x5a C:/ST/STM32CubeIDE_1.16.1/STM32CubeIDE/plugins/com.st.stm32cube.ide.mcu.externaltools.gnu-tools-for-stm32.12.3.rel1.win32_1.0.200.202406191623/tools/bin/../lib/gcc/arm-none-eabi/12.3.1/../../../../arm-none-eabi/lib/thumb/v7e-m+fp/hard\libc_nano.a(libc_a-mprec.o)
                0x0800d1ce                __lo0bits
 .text.__i2b    0x0800d228       0x2c C:/ST/STM32CubeIDE_1.16.1/STM32CubeIDE/plugins/com.st.stm32cube.ide.mcu.externaltools.gnu-tools-for-stm32.12.3.rel1.win32_1.0.200.202406191623/tools/bin/../lib/gcc/arm-none-eabi/12.3.1/../../../../arm-none-eabi/lib/thumb/v7e-m+fp/hard\libc_nano.a(libc_a-mprec.o)
                0x0800d228                __i2b
 .text.__multiply
                0x0800d254      0x154 C:/ST/STM32CubeIDE_1.16.1/STM32CubeIDE/plugins/com.st.stm32cube.ide.mcu.externaltools.gnu-tools-for-stm32.12.3.rel1.win32_1.0.200.202406191623/tools/bin/../lib/gcc/arm-none-eabi/12.3.1/../../../../arm-none-eabi/lib/thumb/v7e-m+fp/hard\libc_nano.a(libc_a-mprec.o)
                0x0800d254                __multiply
 .text.__pow5mult
                0x0800d3a8       0xb4 C:/ST/STM32CubeIDE_1.16.1/STM32CubeIDE/plugins/com.st.stm32cube.ide.mcu.externaltools.gnu-tools-for-stm32.12.3.rel1.win32_1.0.200.202406191623/tools/bin/../lib/gcc/arm-none-eabi/12.3.1/../../../../arm-none-eabi/lib/thumb/v7e-m+fp/hard\libc_nano.a(libc_a-mprec.o)
                0x0800d3a8                __pow5mult
 .text.__lshift
                0x0800d45c       0xd8 C:/ST/STM32CubeIDE_1.16.1/STM32CubeIDE/plugins/com.st.stm32cube.ide.mcu.externaltools.gnu-tools-for-stm32.12.3.rel1.win32_1.0.200.202406191623/tools/bin/../lib/gcc/arm-none-eabi/12.3.1/../../../../arm-none-eabi/lib/thumb/v7e-m+fp/hard\libc_nano.a(libc_a-mprec.o)
                0x0800d45c                __lshift
 .text.__mcmp   0x0800d534       0x36 C:/ST/STM32CubeIDE_1.16.1/STM32CubeIDE/plugins/com.st.stm32cube.ide.mcu.externaltools.gnu-tools-for-stm32.12.3.rel1.win32_1.0.200.202406191623/tools/bin/../lib/gcc/arm-none-eabi/12.3.1/../../../../arm-none-eabi/lib/thumb/v7e-m+fp/hard\libc_nano.a(libc_a-mprec.o)
                0x0800d534                __mcmp
 *fill*         0x0800d56a        0x2 
 .text.__mdiff  0x0800d56c      0x128 C:/ST/STM32CubeIDE_1.16.1/STM32CubeIDE/plugins/com.st.stm32cube.ide.mcu.externaltools.gnu-tools-for-stm32.12.3.rel1.win32_1.0.200.202406191623/tools/bin/../lib/gcc/arm-none-eabi/12.3.1/../../../../arm-none-eabi/lib/thumb/v7e-m+fp/hard\libc_nano.a(libc_a-mprec.o)
                0x0800d56c                __mdiff
 .text.__ulp    0x0800d694       0x4c C:/ST/STM32CubeIDE_1.16.1/STM32CubeIDE/plugins/com.st.stm32cube.ide.mcu.externaltools.gnu-tools-for-stm32.12.3.rel1.win32_1.0.200.202406191623/tools/bin/../lib/gcc/arm-none-eabi/12.3.1/../../../../arm-none-eabi/lib/thumb/v7e-m+fp/hard\libc_nano.a(libc_a-mprec.o)
                0x0800d694                __ulp
 .text.__b2d    0x0800d6e0       0x94 C:/ST/STM32CubeIDE_1.16.1/STM32CubeIDE/plugins/com.st.stm32cube.ide.mcu.externaltools.gnu-tools-for-stm32.12.3.rel1.win32_1.0.200.202406191623/tools/bin/../lib/gcc/arm-none-eabi/12.3.1/../../../../arm-none-eabi/lib/thumb/v7e-m+fp/hard\libc_nano.a(libc_a-mprec.o)
                0x0800d6e0                __b2d
 .text.__d2b    0x0800d774       0xb0 C:/ST/STM32CubeIDE_1.16.1/STM32CubeIDE/plugins/com.st.stm32cube.ide.mcu.externaltools.gnu-tools-for-stm32.12.3.rel1.win32_1.0.200.202406191623/tools/bin/../lib/gcc/arm-none-eabi/12.3.1/../../../../arm-none-eabi/lib/thumb/v7e-m+fp/hard\libc_nano.a(libc_a-mprec.o)
                0x0800d774                __d2b