../Core/Src/GPS.c:46:8:haversine	64	static
../Core/Src/GPS.c:63:5:isWithinThreshold	16	static
../Core/Src/GPS.c:68:6:copy_array	8	static
../Core/Src/GPS.c:74:6:copy_RMC	0	static
../Core/Src/GPS.c:90:6:GPSUART_ReInitializeRxDMA	8	static
../Core/Src/GPS.c:102:6:coldStart	0	static
../Core/Src/GPS.c:106:6:enableEASYFuntion	0	static
../Core/Src/GPS.c:111:5:validateChecksum	16	static
../Core/Src/GPS.c:151:6:display_rmc_data	16	static
../Core/Src/GPS.c:168:8:convertToEpoch	48	static
../Core/Src/GPS.c:186:6:parse_rmc	176	static
../Core/Src/GPS.c:258:6:sendRMCDataToFlash	8	static
../Core/Src/GPS.c:270:5:handleIncomingChar	16	static
../Core/Src/GPS.c:291:6:getRMC	16	static
../Core/Src/GPS.c:430:6:StartGPS	24	static
