../Core/Src/GSM.c:48:28:create_terminal_registration	88	static
../Core/Src/GSM.c:70:26:create_location_info_report	88	static
../Core/Src/GSM.c:99:6:setBit	0	static
../Core/Src/GSM.c:103:6:clearBit	0	static
../Core/Src/GSM.c:107:6:set_status_bit	0	static
../Core/Src/GSM.c:115:9:calculate_checksum	8	static
../Core/Src/GSM.c:123:10:convert_location_info_to_array	16	static
../Core/Src/GSM.c:136:6:send_AT_command	8	static
../Core/Src/GSM.c:140:6:SIM_UART_ReInitializeRxDMA	8	static
../Core/Src/GSM.c:151:5:find_length	0	static
../Core/Src/GSM.c:160:6:receive_response	8	static
../Core/Src/GSM.c:168:6:init_SIM_module	8	static
../Core/Src/GSM.c:177:6:reboot_SIM_module	8	static
../Core/Src/GSM.c:187:5:convert_dec_to_hex_value	0	static
../Core/Src/GSM.c:192:6:save_rmc_to_location_info	16	static
../Core/Src/GSM.c:226:5:first_check_SIM	24	static
../Core/Src/GSM.c:302:6:extract_last_12_digits_bcd	32	static
../Core/Src/GSM.c:347:5:extractCSQValues	24	static
../Core/Src/GSM.c:362:5:has_number	0	static
../Core/Src/GSM.c:373:5:check_SIM_ready	32	static
../Core/Src/GSM.c:516:6:check_configure_APN	8	static
../Core/Src/GSM.c:522:5:configure_APN	296	static
../Core/Src/GSM.c:541:6:check_activate_context	136	static
../Core/Src/GSM.c:559:5:activate_context	152	static
../Core/Src/GSM.c:610:5:deactivate_context	152	static
../Core/Src/GSM.c:641:5:open_socket_service	312	static
../Core/Src/GSM.c:701:5:check_socket_connection	304	static
../Core/Src/GSM.c:748:5:formatToHexString	32	static
../Core/Src/GSM.c:760:5:generateRegistrationMessage	24	static
../Core/Src/GSM.c:784:5:generateLocationInfoMessage	192	static
../Core/Src/GSM.c:805:5:login_to_server	416	static
../Core/Src/GSM.c:854:5:send_location_to_server	424	static
../Core/Src/GSM.c:902:5:acknowledgeResponse	320	static
../Core/Src/GSM.c:961:5:getResponseFromServer	296	static
../Core/Src/GSM.c:1022:5:check_data_sent_to_server	8	static
../Core/Src/GSM.c:1041:5:close_connection	280	static
../Core/Src/GSM.c:1072:5:extract_time_CCLK	64	static
../Core/Src/GSM.c:1098:5:getCurrentTime	16	static
../Core/Src/GSM.c:1122:6:receiveRMCDataWithAddrGSM	40	static
../Core/Src/GSM.c:1164:5:processUploadDataToServer	32	static
../Core/Src/GSM.c:1224:6:StartGSM	168	static
