../Core/Src/GSM.c:40:28:create_terminal_registration	88	static
../Core/Src/GSM.c:62:26:create_location_info_report	88	static
../Core/Src/GSM.c:90:6:setBit	0	static
../Core/Src/GSM.c:94:6:clearBit	0	static
../Core/Src/GSM.c:98:6:set_status_bit	0	static
../Core/Src/GSM.c:106:9:calculate_checksum	8	static
../Core/Src/GSM.c:114:10:convert_location_info_to_array	16	static
../Core/Src/GSM.c:127:6:send_AT_command	8	static
../Core/Src/GSM.c:131:6:SIM_UART_ReInitializeRxDMA	8	static
../Core/Src/GSM.c:142:5:find_length	0	static
../Core/Src/GSM.c:151:6:receive_response	144	static
../Core/Src/GSM.c:162:6:init_SIM_module	8	static
../Core/Src/GSM.c:171:6:reboot_SIM_module	8	static
../Core/Src/GSM.c:181:5:convert_dec_to_hex_value	0	static
../Core/Src/GSM.c:186:6:save_rmc_to_location_info	16	static
../Core/Src/GSM.c:220:5:first_check_SIM	24	static
../Core/Src/GSM.c:264:6:extract_last_12_digits_bcd	32	static
../Core/Src/GSM.c:306:5:extractCSQValues	24	static
../Core/Src/GSM.c:321:5:check_SIM_ready	24	static
../Core/Src/GSM.c:460:6:check_configure_APN	8	static
../Core/Src/GSM.c:466:5:configure_APN	296	static
../Core/Src/GSM.c:485:6:check_activate_context	136	static
../Core/Src/GSM.c:503:5:activate_context	152	static
../Core/Src/GSM.c:551:5:deactivate_context	152	static
../Core/Src/GSM.c:582:5:open_socket_service	440	static
../Core/Src/GSM.c:643:5:check_socket_connection	304	static
../Core/Src/GSM.c:690:5:formatToHexString	32	static
../Core/Src/GSM.c:702:5:generateRegistrationMessage	24	static
../Core/Src/GSM.c:726:5:generateLocationInfoMessage	192	static
../Core/Src/GSM.c:747:5:login_to_server	544	static
../Core/Src/GSM.c:788:5:send_location_to_server	552	static
../Core/Src/GSM.c:835:5:check_data_sent_to_server	560	static
../Core/Src/GSM.c:919:5:close_connection	280	static
../Core/Src/GSM.c:949:5:extract_time_CCLK	192	static
../Core/Src/GSM.c:978:5:getCurrentTime	16	static
../Core/Src/GSM.c:1002:6:receiveRMCDataWithAddrGSM	136	static
../Core/Src/GSM.c:1053:5:processUploadDataToServer	8	static
../Core/Src/GSM.c:1083:6:StartGSM	320	static
