../Core/Src/GSM.c:37:28:create_terminal_registration	88	static
../Core/Src/GSM.c:59:26:create_location_info_report	88	static
../Core/Src/GSM.c:87:6:setBit	0	static
../Core/Src/GSM.c:91:6:clearBit	0	static
../Core/Src/GSM.c:95:6:set_status_bit	0	static
../Core/Src/GSM.c:103:9:calculate_checksum	8	static
../Core/Src/GSM.c:111:10:convert_location_info_to_array	16	static
../Core/Src/GSM.c:124:6:send_AT_command	8	static
../Core/Src/GSM.c:128:6:SIM_UART_ReInitializeRxDMA	8	static
../Core/Src/GSM.c:139:5:find_length	0	static
../Core/Src/GSM.c:148:6:receive_response	144	static
../Core/Src/GSM.c:159:6:init_SIM_module	8	static
../Core/Src/GSM.c:168:6:reboot_SIM_module	8	static
../Core/Src/GSM.c:178:5:convert_dec_to_hex_value	0	static
../Core/Src/GSM.c:183:6:save_rmc_to_location_info	16	static
../Core/Src/GSM.c:217:5:first_check_SIM	24	static
../Core/Src/GSM.c:258:6:extract_last_12_digits_bcd	32	static
../Core/Src/GSM.c:300:5:extractCSQValues	24	static
../Core/Src/GSM.c:315:5:check_SIM_ready	24	static
../Core/Src/GSM.c:448:6:check_configure_APN	8	static
../Core/Src/GSM.c:454:5:configure_APN	296	static
../Core/Src/GSM.c:473:6:check_activate_context	136	static
../Core/Src/GSM.c:491:5:activate_context	152	static
../Core/Src/GSM.c:539:5:deactivate_context	152	static
../Core/Src/GSM.c:570:5:open_socket_service	440	static
../Core/Src/GSM.c:630:5:check_socket_connection	304	static
../Core/Src/GSM.c:676:5:formatToHexString	32	static
../Core/Src/GSM.c:688:5:generateRegistrationMessage	24	static
../Core/Src/GSM.c:712:5:generateLocationInfoMessage	192	static
../Core/Src/GSM.c:733:5:login_to_server	544	static
../Core/Src/GSM.c:774:5:send_location_to_server	552	static
../Core/Src/GSM.c:821:5:check_data_sent_to_server	432	static
../Core/Src/GSM.c:897:5:close_connection	280	static
../Core/Src/GSM.c:926:5:extract_time_CCLK	192	static
../Core/Src/GSM.c:955:5:getCurrentTime	16	static
../Core/Src/GSM.c:979:6:receiveRMCDataWithAddrGSM	136	static
../Core/Src/GSM.c:1030:5:processUploadDataToServer	8	static
../Core/Src/GSM.c:1060:6:StartGSM	312	static
