../Core/Src/GSM.c:42:28:create_terminal_registration	88	static
../Core/Src/GSM.c:64:26:create_location_info_report	88	static
../Core/Src/GSM.c:92:6:setBit	0	static
../Core/Src/GSM.c:96:6:clearBit	0	static
../Core/Src/GSM.c:100:6:set_status_bit	0	static
../Core/Src/GSM.c:108:9:calculate_checksum	8	static
../Core/Src/GSM.c:116:10:convert_location_info_to_array	16	static
../Core/Src/GSM.c:129:6:send_AT_command	8	static
../Core/Src/GSM.c:133:6:SIM_UART_ReInitializeRxDMA	8	static
../Core/Src/GSM.c:144:5:find_length	0	static
../Core/Src/GSM.c:153:6:receive_response	144	static
../Core/Src/GSM.c:164:6:init_SIM_module	8	static
../Core/Src/GSM.c:173:6:reboot_SIM_module	8	static
../Core/Src/GSM.c:183:5:convert_dec_to_hex_value	0	static
../Core/Src/GSM.c:188:6:save_rmc_to_location_info	16	static
../Core/Src/GSM.c:222:5:first_check_SIM	24	static
../Core/Src/GSM.c:275:6:extract_last_12_digits_bcd	32	static
../Core/Src/GSM.c:317:5:extractCSQValues	24	static
../Core/Src/GSM.c:332:5:check_SIM_ready	24	static
../Core/Src/GSM.c:472:6:check_configure_APN	8	static
../Core/Src/GSM.c:478:5:configure_APN	296	static
../Core/Src/GSM.c:497:6:check_activate_context	136	static
../Core/Src/GSM.c:515:5:activate_context	152	static
../Core/Src/GSM.c:566:5:deactivate_context	152	static
../Core/Src/GSM.c:597:5:open_socket_service	440	static
../Core/Src/GSM.c:659:5:check_socket_connection	304	static
../Core/Src/GSM.c:706:5:formatToHexString	32	static
../Core/Src/GSM.c:718:5:generateRegistrationMessage	24	static
../Core/Src/GSM.c:742:5:generateLocationInfoMessage	192	static
../Core/Src/GSM.c:763:5:login_to_server	544	static
../Core/Src/GSM.c:806:5:send_location_to_server	552	static
../Core/Src/GSM.c:854:5:check_data_sent_to_server	416	static
../Core/Src/GSM.c:967:5:close_connection	280	static
../Core/Src/GSM.c:997:5:extract_time_CCLK	192	static
../Core/Src/GSM.c:1026:5:getCurrentTime	16	static
../Core/Src/GSM.c:1050:6:receiveRMCDataWithAddrGSM	120	static
../Core/Src/GSM.c:1099:5:processUploadDataToServer	24	static
../Core/Src/GSM.c:1149:6:StartGSM	32	static
