../Core/Src/GSM.c:30:28:create_terminal_registration	88	static
../Core/Src/GSM.c:52:26:create_location_info_report	88	static
../Core/Src/GSM.c:80:6:setBit	0	static
../Core/Src/GSM.c:84:6:clearBit	0	static
../Core/Src/GSM.c:88:6:set_status_bit	0	static
../Core/Src/GSM.c:96:9:calculate_checksum	8	static
../Core/Src/GSM.c:105:10:create_message_array	16	static
../Core/Src/GSM.c:124:10:convert_location_info_to_array	16	static
../Core/Src/GSM.c:137:6:send_AT_command	8	static
../Core/Src/GSM.c:141:6:SIM_UART_ReInitializeRxDMA	8	static
../Core/Src/GSM.c:152:5:find_length	0	static
../Core/Src/GSM.c:161:6:receive_response	144	static
../Core/Src/GSM.c:172:6:init_SIM_module	8	static
../Core/Src/GSM.c:181:6:reboot_SIM_module	8	static
../Core/Src/GSM.c:191:5:convert_dec_to_hex_value	0	static
../Core/Src/GSM.c:196:6:save_rmc_to_location_info	16	static
../Core/Src/GSM.c:231:5:extract_time	192	static
../Core/Src/GSM.c:268:5:first_check_SIM	24	static
../Core/Src/GSM.c:309:6:extract_last_12_digits_bcd	32	static
../Core/Src/GSM.c:351:5:extractCSQValues	24	static
../Core/Src/GSM.c:366:5:check_SIM_ready	24	static
../Core/Src/GSM.c:499:6:check_configure_APN	8	static
../Core/Src/GSM.c:505:5:configure_APN	296	static
../Core/Src/GSM.c:524:6:check_activate_context	136	static
../Core/Src/GSM.c:531:6:Delay_40s	0	static
../Core/Src/GSM.c:542:5:activate_context	152	static
../Core/Src/GSM.c:590:5:deactivate_context	152	static
../Core/Src/GSM.c:621:5:open_socket_service	440	static
../Core/Src/GSM.c:681:6:check_socket_connection	304	static
../Core/Src/GSM.c:713:5:formatToHexString	32	static
../Core/Src/GSM.c:725:5:generateRegistrationMessage	24	static
../Core/Src/GSM.c:749:5:generateLocationInfoMessage	192	static
../Core/Src/GSM.c:770:5:login_to_server	544	static
../Core/Src/GSM.c:811:5:send_location_to_server	552	static
../Core/Src/GSM.c:858:5:check_data_sent_to_server	432	static
../Core/Src/GSM.c:934:5:close_connection	280	static
../Core/Src/GSM.c:963:5:extract_time_CCLK	192	static
../Core/Src/GSM.c:992:5:getCurrentTime	16	static
../Core/Src/GSM.c:1014:6:receiveRMCDataGSM	136	static
../Core/Src/GSM.c:1044:6:parseRMCString	360	static
../Core/Src/GSM.c:1086:6:readFlash	96	static
../Core/Src/GSM.c:1114:6:receiveAddrDataGSM	48	static
../Core/Src/GSM.c:1143:6:StartGSM	192	static
