../Core/Src/GSM.c:49:28:create_terminal_registration	88	static
../Core/Src/GSM.c:71:26:create_location_info_report	88	static
../Core/Src/GSM.c:100:6:setBit	0	static
../Core/Src/GSM.c:104:6:clearBit	0	static
../Core/Src/GSM.c:108:6:set_status_bit	0	static
../Core/Src/GSM.c:116:9:calculate_checksum	8	static
../Core/Src/GSM.c:124:10:convert_location_info_to_array	16	static
../Core/Src/GSM.c:137:6:send_AT_command	8	static
../Core/Src/GSM.c:141:6:SIM_UART_ReInitializeRxDMA	8	static
../Core/Src/GSM.c:152:5:find_length	0	static
../Core/Src/GSM.c:161:6:receive_response	8	static
../Core/Src/GSM.c:169:6:init_SIM_module	8	static
../Core/Src/GSM.c:178:6:reboot_SIM_module	8	static
../Core/Src/GSM.c:188:5:convert_dec_to_hex_value	0	static
../Core/Src/GSM.c:193:6:save_rmc_to_location_info	16	static
../Core/Src/GSM.c:227:5:first_check_SIM	24	static
../Core/Src/GSM.c:305:6:extract_last_12_digits_bcd	32	static
../Core/Src/GSM.c:352:5:extractCSQValues	24	static
../Core/Src/GSM.c:367:5:has_number	0	static
../Core/Src/GSM.c:377:5:check_SIM_ready	24	static
../Core/Src/GSM.c:517:6:check_configure_APN	8	static
../Core/Src/GSM.c:523:5:configure_APN	296	static
../Core/Src/GSM.c:542:6:check_activate_context	136	static
../Core/Src/GSM.c:560:5:activate_context	152	static
../Core/Src/GSM.c:611:5:deactivate_context	152	static
../Core/Src/GSM.c:642:5:open_socket_service	440	static
../Core/Src/GSM.c:704:5:check_socket_connection	304	static
../Core/Src/GSM.c:751:5:formatToHexString	32	static
../Core/Src/GSM.c:763:5:generateRegistrationMessage	24	static
../Core/Src/GSM.c:787:5:generateLocationInfoMessage	192	static
../Core/Src/GSM.c:808:5:login_to_server	544	static
../Core/Src/GSM.c:856:5:send_location_to_server	552	static
../Core/Src/GSM.c:904:5:check_data_sent_to_server	568	static
../Core/Src/GSM.c:1041:5:close_connection	280	static
../Core/Src/GSM.c:1071:5:extract_time_CCLK	192	static
../Core/Src/GSM.c:1100:5:getCurrentTime	16	static
../Core/Src/GSM.c:1124:6:receiveRMCDataWithAddrGSM	120	static
../Core/Src/GSM.c:1180:5:processUploadDataToServer	32	static
../Core/Src/GSM.c:1242:6:StartGSM	176	static
