../Core/Src/GSM.c:21:26:create_location_info_report	88	static
../Core/Src/GSM.c:48:28:create_terminal_registration	88	static
../Core/Src/GSM.c:70:6:setBit	0	static
../Core/Src/GSM.c:74:6:clearBit	0	static
../Core/Src/GSM.c:78:6:set_status_bit	0	static
../Core/Src/GSM.c:86:9:calculate_checksum	8	static
../Core/Src/GSM.c:95:10:create_message_array	16	static
../Core/Src/GSM.c:114:10:convert_location_info_to_array	16	static
../Core/Src/GSM.c:127:6:send_AT_command	8	static
../Core/Src/GSM.c:131:6:SIM_UART_ReInitializeRxDMA	8	static
../Core/Src/GSM.c:142:5:find_length	0	static
../Core/Src/GSM.c:151:6:receive_response	144	static
../Core/Src/GSM.c:162:6:init_SIM_module	8	static
../Core/Src/GSM.c:171:6:reboot_SIM_module	8	static
../Core/Src/GSM.c:182:5:first_check_SIM	8	static
../Core/Src/GSM.c:198:6:set_time	40	static
../Core/Src/GSM.c:212:6:set_date	16	static
../Core/Src/GSM.c:226:5:convert_dec_to_hex_value	0	static
../Core/Src/GSM.c:231:6:save_rmc_to_location_info	16	static
../Core/Src/GSM.c:264:6:get_RTC_time_date	224	static
../Core/Src/GSM.c:299:6:extract_time	192	static
../Core/Src/GSM.c:334:6:extract_last_12_digits_bcd	32	static
../Core/Src/GSM.c:375:5:check_SIM_ready	24	static
../Core/Src/GSM.c:481:6:check_configure_APN	8	static
../Core/Src/GSM.c:487:5:configure_APN	296	static
../Core/Src/GSM.c:506:6:check_activate_context	136	static
../Core/Src/GSM.c:513:6:activate_context	144	static
../Core/Src/GSM.c:532:5:deactivate_context	160	static
../Core/Src/GSM.c:561:6:check_open_socket_service	136	static
../Core/Src/GSM.c:568:5:open_socket_service	440	static
../Core/Src/GSM.c:607:6:check_socket_connection	304	static
../Core/Src/GSM.c:638:6:send_data_to_server	808	static
../Core/Src/GSM.c:661:6:check_data_sent_to_server	408	static
../Core/Src/GSM.c:693:6:close_connection	272	static
../Core/Src/GSM.c:706:6:receiveRMCDataGSM	136	static
../Core/Src/GSM.c:748:6:StartGSM	288	static
