../Core/Src/main.c:173:1:__io_putchar	16	static
../Core/Src/main.c:180:6:Initialize_RTC	48	static,ignoring_inline_asm
../Core/Src/main.c:348:6:SystemClock_Config	128	static,ignoring_inline_asm
../Core/Src/main.c:218:5:main	64	static,ignoring_inline_asm
../Core/Src/main.c:929:5:matches_format	64	static
../Core/Src/main.c:941:6:process_uart_character	16	static
../Core/Src/main.c:981:6:StartDefaultTask	8	static
../Core/Src/main.c:1001:6:HAL_TIM_PeriodElapsedCallback	0	static
../Core/Src/main.c:1018:6:Error_Handler	0	static,ignoring_inline_asm
