../Core/Src/spi_flash.c:53:9:W25_ReadStatusReg1	16	static
../Core/Src/spi_flash.c:65:5:W25_Busy	8	static
../Core/Src/spi_flash.c:70:5:W25_DelayWhileBusy	16	static
../Core/Src/spi_flash.c:84:6:W25_Reset	8	static
../Core/Src/spi_flash.c:93:5:W25_ReadJedecID	72	static
../Core/Src/spi_flash.c:110:5:W25_ReadMD	24	static
../Core/Src/spi_flash.c:123:5:W25_ReadUniqueID	24	static
../Core/Src/spi_flash.c:138:5:W25_WriteEnable	16	static
../Core/Src/spi_flash.c:41:5:W25_ChipErase	16	static
../Core/Src/spi_flash.c:146:5:W25_SectorErase	16	static
../Core/Src/spi_flash.c:158:5:W25_PageProgram	40	static
../Core/Src/spi_flash.c:181:5:W25_ReadData	24	static
../Core/Src/spi_flash.c:202:5:IsPageValid	8	static
../Core/Src/spi_flash.c:228:6:UpdatePageAddress	16	static
../Core/Src/spi_flash.c:234:5:W25_ShiftLeftFlashDataByPage	96	static
../Core/Src/spi_flash.c:325:6:receiveTaxData	80	static
../Core/Src/spi_flash.c:374:10:calculate_epoch_time_utc	48	static
../Core/Src/spi_flash.c:390:6:format_rmc_data	160	static
../Core/Src/spi_flash.c:399:6:saveRMC	48	static
../Core/Src/spi_flash.c:487:6:sendRMCDataWithAddrToGSM	16	static
../Core/Src/spi_flash.c:498:6:parseRMCString	360	static
../Core/Src/spi_flash.c:540:11:readFlash	192	static
../Core/Src/spi_flash.c:572:6:receiveRMCDataFromGPS	240	static
../Core/Src/spi_flash.c:667:6:StartSpiFlash	48	static
