../Core/Src/spi_flash.c:37:9:W25_ReadStatusReg1	16	static
../Core/Src/spi_flash.c:49:5:W25_Busy	8	static
../Core/Src/spi_flash.c:54:5:W25_DelayWhileBusy	16	static
../Core/Src/spi_flash.c:68:6:W25_Reset	8	static
../Core/Src/spi_flash.c:77:5:W25_ReadJedecID	72	static
../Core/Src/spi_flash.c:94:5:W25_ReadMD	24	static
../Core/Src/spi_flash.c:107:5:W25_ReadUniqueID	24	static
../Core/Src/spi_flash.c:122:5:W25_WriteEnable	16	static
../Core/Src/spi_flash.c:25:5:W25_ChipErase	16	static
../Core/Src/spi_flash.c:130:5:W25_SectorErase	16	static
../Core/Src/spi_flash.c:142:5:W25_PageProgram	40	static
../Core/Src/spi_flash.c:165:5:W25_ReadData	24	static
../Core/Src/spi_flash.c:185:6:receiveTaxData	80	static
../Core/Src/spi_flash.c:234:10:calculate_epoch_time_utc	48	static
../Core/Src/spi_flash.c:251:6:format_rmc_data	160	static
../Core/Src/spi_flash.c:260:6:saveRMC	32	static
../Core/Src/spi_flash.c:308:6:receiveRMCDataFromGPS	136	static
../Core/Src/spi_flash.c:359:6:sendRMCDataToGSM	16	static
../Core/Src/spi_flash.c:368:6:StartSpiFlash	48	static
