../Core/Src/spi_flash.c:42:9:W25_ReadStatusReg1	16	static
../Core/Src/spi_flash.c:54:5:W25_Busy	8	static
../Core/Src/spi_flash.c:59:5:W25_DelayWhileBusy	16	static
../Core/Src/spi_flash.c:73:6:W25_Reset	8	static
../Core/Src/spi_flash.c:82:5:W25_ReadJedecID	72	static
../Core/Src/spi_flash.c:99:5:W25_ReadMD	24	static
../Core/Src/spi_flash.c:112:5:W25_ReadUniqueID	24	static
../Core/Src/spi_flash.c:127:5:W25_WriteEnable	16	static
../Core/Src/spi_flash.c:30:5:W25_ChipErase	16	static
../Core/Src/spi_flash.c:135:5:W25_SectorErase	16	static
../Core/Src/spi_flash.c:147:5:W25_PageProgram	40	static
../Core/Src/spi_flash.c:170:5:W25_ReadData	24	static
../Core/Src/spi_flash.c:190:6:receiveTaxData	80	static
../Core/Src/spi_flash.c:239:10:calculate_epoch_time_utc	48	static
../Core/Src/spi_flash.c:256:6:format_rmc_data	160	static
../Core/Src/spi_flash.c:264:6:SendUInt8ArrayToMailQueue	24	static
../Core/Src/spi_flash.c:289:6:saveRMC	32	static
../Core/Src/spi_flash.c:343:6:sendRMCDataToGSM	16	static
../Core/Src/spi_flash.c:354:6:sendRMCDataWithAddrToGSM	16	static
../Core/Src/spi_flash.c:366:6:sendAddresstoGSM	8	static
../Core/Src/spi_flash.c:376:6:receiveRMCDataFromGPS	144	static
../Core/Src/spi_flash.c:463:6:StartSpiFlash	48	static
