../Core/Src/spi_flash.c:48:9:W25_ReadStatusReg1	16	static
../Core/Src/spi_flash.c:60:5:W25_Busy	8	static
../Core/Src/spi_flash.c:65:5:W25_DelayWhileBusy	16	static
../Core/Src/spi_flash.c:79:6:W25_Reset	8	static
../Core/Src/spi_flash.c:88:5:W25_ReadJedecID	72	static
../Core/Src/spi_flash.c:105:5:W25_ReadMD	24	static
../Core/Src/spi_flash.c:118:5:W25_ReadUniqueID	24	static
../Core/Src/spi_flash.c:133:5:W25_WriteEnable	16	static
../Core/Src/spi_flash.c:36:5:W25_ChipErase	16	static
../Core/Src/spi_flash.c:141:5:W25_SectorErase	16	static
../Core/Src/spi_flash.c:153:5:W25_PageProgram	40	static
../Core/Src/spi_flash.c:176:5:W25_ReadData	24	static
../Core/Src/spi_flash.c:197:5:IsPageValid	8	static
../Core/Src/spi_flash.c:223:6:UpdatePageAddress	16	static
../Core/Src/spi_flash.c:229:5:W25_ShiftLeftFlashData	4320	static
../Core/Src/spi_flash.c:318:5:W25_ShiftLeftEntireFlashBySector	4264	static
../Core/Src/spi_flash.c:392:6:receiveTaxData	80	static
../Core/Src/spi_flash.c:441:6:receiveResultAddress	32	static
../Core/Src/spi_flash.c:451:10:calculate_epoch_time_utc	48	static
../Core/Src/spi_flash.c:469:6:format_rmc_data	160	static
../Core/Src/spi_flash.c:478:6:saveRMC	32	static
../Core/Src/spi_flash.c:563:6:sendRMCDataToGSM	16	static
../Core/Src/spi_flash.c:574:6:sendRMCDataWithAddrToGSM	16	static
../Core/Src/spi_flash.c:586:6:sendAddresstoGSM	8	static
../Core/Src/spi_flash.c:596:6:receiveRMCDataFromGPS	144	static
../Core/Src/spi_flash.c:682:6:StartSpiFlash	48	static
