../Core/Src/spi_flash.c:57:9:W25_ReadStatusReg1	16	static
../Core/Src/spi_flash.c:69:5:W25_Busy	8	static
../Core/Src/spi_flash.c:74:5:W25_DelayWhileBusy	16	static
../Core/Src/spi_flash.c:88:6:W25_Reset	8	static
../Core/Src/spi_flash.c:97:5:W25_ReadJedecID	72	static
../Core/Src/spi_flash.c:114:5:W25_ReadMD	24	static
../Core/Src/spi_flash.c:127:5:W25_ReadUniqueID	24	static
../Core/Src/spi_flash.c:142:5:W25_WriteEnable	16	static
../Core/Src/spi_flash.c:45:5:W25_ChipErase	16	static
../Core/Src/spi_flash.c:150:5:W25_SectorErase	16	static
../Core/Src/spi_flash.c:162:5:W25_PageProgram	40	static
../Core/Src/spi_flash.c:185:5:W25_ReadData	24	static
../Core/Src/spi_flash.c:206:5:IsPageValid	8	static
../Core/Src/spi_flash.c:233:6:UpdatePageAddress	24	static
../Core/Src/spi_flash.c:239:5:W25_ShiftLeftFlashDataByPage	32	static
../Core/Src/spi_flash.c:331:6:Kalman_Init	0	static
../Core/Src/spi_flash.c:339:8:Kalman_Update	48	static
../Core/Src/spi_flash.c:352:6:receiveTaxData	72	static
../Core/Src/spi_flash.c:399:10:calculate_epoch_time_utc	48	static
../Core/Src/spi_flash.c:415:6:format_rmc_data	160	static
../Core/Src/spi_flash.c:424:6:saveRMC	104	static
../Core/Src/spi_flash.c:542:6:sendRMCDataWithAddrToGSM	8	static
../Core/Src/spi_flash.c:549:6:parseRMCString	360	static
../Core/Src/spi_flash.c:591:11:readFlash	176	static
../Core/Src/spi_flash.c:631:6:receiveRMCDataFromGPS	16	static
../Core/Src/spi_flash.c:732:6:StartSpiFlash	136	static
