../Core/Src/spi_flash.c:50:9:W25_ReadStatusReg1	16	static
../Core/Src/spi_flash.c:62:5:W25_Busy	8	static
../Core/Src/spi_flash.c:67:5:W25_DelayWhileBusy	16	static
../Core/Src/spi_flash.c:81:6:W25_Reset	8	static
../Core/Src/spi_flash.c:90:5:W25_ReadJedecID	72	static
../Core/Src/spi_flash.c:107:5:W25_ReadMD	24	static
../Core/Src/spi_flash.c:120:5:W25_ReadUniqueID	24	static
../Core/Src/spi_flash.c:135:5:W25_WriteEnable	16	static
../Core/Src/spi_flash.c:38:5:W25_ChipErase	16	static
../Core/Src/spi_flash.c:143:5:W25_SectorErase	16	static
../Core/Src/spi_flash.c:155:5:W25_PageProgram	40	static
../Core/Src/spi_flash.c:178:5:W25_ReadData	24	static
../Core/Src/spi_flash.c:199:5:IsPageValid	8	static
../Core/Src/spi_flash.c:225:6:UpdatePageAddress	16	static
../Core/Src/spi_flash.c:231:5:W25_ShiftLeftFlashDataByPage	104	static
../Core/Src/spi_flash.c:322:6:receiveTaxData	80	static
../Core/Src/spi_flash.c:371:6:receiveResultAddress	32	static
../Core/Src/spi_flash.c:381:10:calculate_epoch_time_utc	48	static
../Core/Src/spi_flash.c:399:6:format_rmc_data	160	static
../Core/Src/spi_flash.c:408:6:saveRMC	32	static
../Core/Src/spi_flash.c:465:6:sendRMCDataToGSM	16	static
../Core/Src/spi_flash.c:476:6:sendRMCDataWithAddrToGSM	16	static
../Core/Src/spi_flash.c:488:6:sendAddresstoGSM	8	static
../Core/Src/spi_flash.c:498:6:receiveRMCDataFromGPS	144	static
../Core/Src/spi_flash.c:584:6:StartSpiFlash	48	static
