../Core/Src/spi_flash.c:50:9:W25_ReadStatusReg1	16	static
../Core/Src/spi_flash.c:62:5:W25_Busy	8	static
../Core/Src/spi_flash.c:67:5:W25_DelayWhileBusy	16	static
../Core/Src/spi_flash.c:81:6:W25_Reset	8	static
../Core/Src/spi_flash.c:90:5:W25_ReadJedecID	72	static
../Core/Src/spi_flash.c:107:5:W25_ReadMD	24	static
../Core/Src/spi_flash.c:120:5:W25_ReadUniqueID	24	static
../Core/Src/spi_flash.c:135:5:W25_WriteEnable	16	static
../Core/Src/spi_flash.c:38:5:W25_ChipErase	16	static
../Core/Src/spi_flash.c:143:5:W25_SectorErase	16	static
../Core/Src/spi_flash.c:155:5:W25_PageProgram	40	static
../Core/Src/spi_flash.c:178:5:W25_ReadData	24	static
../Core/Src/spi_flash.c:199:5:IsPageValid	8	static
../Core/Src/spi_flash.c:225:6:UpdatePageAddress	16	static
../Core/Src/spi_flash.c:231:5:W25_ShiftLeftFlashDataByPage	4328	static
../Core/Src/spi_flash.c:325:5:W25_ShiftLeftEntireFlashBySector	40	static
../Core/Src/spi_flash.c:397:6:receiveTaxData	80	static
../Core/Src/spi_flash.c:446:6:receiveResultAddress	32	static
../Core/Src/spi_flash.c:456:10:calculate_epoch_time_utc	48	static
../Core/Src/spi_flash.c:474:6:format_rmc_data	160	static
../Core/Src/spi_flash.c:483:6:saveRMC	32	static
../Core/Src/spi_flash.c:568:6:sendRMCDataToGSM	16	static
../Core/Src/spi_flash.c:579:6:sendRMCDataWithAddrToGSM	16	static
../Core/Src/spi_flash.c:591:6:sendAddresstoGSM	8	static
../Core/Src/spi_flash.c:601:6:receiveRMCDataFromGPS	144	static
../Core/Src/spi_flash.c:687:6:StartSpiFlash	48	static
