../Core/Src/spi_flash.c:49:9:W25_ReadStatusReg1	16	static
../Core/Src/spi_flash.c:61:5:W25_Busy	8	static
../Core/Src/spi_flash.c:66:5:W25_DelayWhileBusy	16	static
../Core/Src/spi_flash.c:80:6:W25_Reset	8	static
../Core/Src/spi_flash.c:89:5:W25_ReadJedecID	72	static
../Core/Src/spi_flash.c:106:5:W25_ReadMD	24	static
../Core/Src/spi_flash.c:119:5:W25_ReadUniqueID	24	static
../Core/Src/spi_flash.c:134:5:W25_WriteEnable	16	static
../Core/Src/spi_flash.c:37:5:W25_ChipErase	16	static
../Core/Src/spi_flash.c:142:5:W25_SectorErase	16	static
../Core/Src/spi_flash.c:154:5:W25_PageProgram	40	static
../Core/Src/spi_flash.c:177:5:W25_ReadData	24	static
../Core/Src/spi_flash.c:198:5:IsPageValid	8	static
../Core/Src/spi_flash.c:224:6:UpdatePageAddress	16	static
../Core/Src/spi_flash.c:231:5:W25_ShiftLeftEntireFlashBySector	40	static
../Core/Src/spi_flash.c:302:6:receiveTaxData	80	static
../Core/Src/spi_flash.c:351:10:calculate_epoch_time_utc	48	static
../Core/Src/spi_flash.c:367:6:format_rmc_data	160	static
../Core/Src/spi_flash.c:376:6:saveRMC	32	static
../Core/Src/spi_flash.c:461:6:sendRMCDataWithAddrToGSM	16	static
../Core/Src/spi_flash.c:473:6:receiveRMCDataFromGPS	144	static
../Core/Src/spi_flash.c:559:6:StartSpiFlash	48	static
