../Core/Src/spi_flash.c:52:9:W25_ReadStatusReg1	16	static
../Core/Src/spi_flash.c:64:5:W25_Busy	8	static
../Core/Src/spi_flash.c:69:5:W25_DelayWhileBusy	16	static
../Core/Src/spi_flash.c:83:6:W25_Reset	8	static
../Core/Src/spi_flash.c:92:5:W25_ReadJedecID	72	static
../Core/Src/spi_flash.c:109:5:W25_ReadMD	24	static
../Core/Src/spi_flash.c:122:5:W25_ReadUniqueID	24	static
../Core/Src/spi_flash.c:137:5:W25_WriteEnable	16	static
../Core/Src/spi_flash.c:40:5:W25_ChipErase	16	static
../Core/Src/spi_flash.c:145:5:W25_SectorErase	16	static
../Core/Src/spi_flash.c:157:5:W25_PageProgram	40	static
../Core/Src/spi_flash.c:180:5:W25_ReadData	24	static
../Core/Src/spi_flash.c:201:5:IsPageValid	8	static
../Core/Src/spi_flash.c:227:6:UpdatePageAddress	16	static
../Core/Src/spi_flash.c:233:5:W25_ShiftLeftFlashDataByPage	96	static
../Core/Src/spi_flash.c:324:6:receiveTaxData	80	static
../Core/Src/spi_flash.c:373:10:calculate_epoch_time_utc	48	static
../Core/Src/spi_flash.c:389:6:format_rmc_data	160	static
../Core/Src/spi_flash.c:398:6:saveRMC	40	static
../Core/Src/spi_flash.c:480:6:sendRMCDataWithAddrToGSM	16	static
../Core/Src/spi_flash.c:491:6:parseRMCString	360	static
../Core/Src/spi_flash.c:533:11:readFlash	192	static
../Core/Src/spi_flash.c:565:6:receiveRMCDataFromGPS	232	static
../Core/Src/spi_flash.c:658:6:StartSpiFlash	48	static
