../Core/Src/spi_flash.c:54:9:W25_ReadStatusReg1	16	static
../Core/Src/spi_flash.c:66:5:W25_Busy	8	static
../Core/Src/spi_flash.c:71:5:W25_DelayWhileBusy	16	static
../Core/Src/spi_flash.c:85:6:W25_Reset	8	static
../Core/Src/spi_flash.c:94:5:W25_ReadJedecID	72	static
../Core/Src/spi_flash.c:111:5:W25_ReadMD	24	static
../Core/Src/spi_flash.c:124:5:W25_ReadUniqueID	24	static
../Core/Src/spi_flash.c:139:5:W25_WriteEnable	16	static
../Core/Src/spi_flash.c:42:5:W25_ChipErase	16	static
../Core/Src/spi_flash.c:147:5:W25_SectorErase	16	static
../Core/Src/spi_flash.c:159:5:W25_PageProgram	40	static
../Core/Src/spi_flash.c:182:5:W25_ReadData	24	static
../Core/Src/spi_flash.c:203:5:IsPageValid	8	static
../Core/Src/spi_flash.c:229:6:UpdatePageAddress	16	static
../Core/Src/spi_flash.c:235:5:W25_ShiftLeftFlashDataByPage	96	static
../Core/Src/spi_flash.c:328:6:receiveTaxData	72	static
../Core/Src/spi_flash.c:375:10:calculate_epoch_time_utc	48	static
../Core/Src/spi_flash.c:391:6:format_rmc_data	160	static
../Core/Src/spi_flash.c:400:6:saveRMC	48	static
../Core/Src/spi_flash.c:495:6:sendRMCDataWithAddrToGSM	8	static
../Core/Src/spi_flash.c:502:6:parseRMCString	360	static
../Core/Src/spi_flash.c:544:11:readFlash	184	static
../Core/Src/spi_flash.c:582:6:receiveRMCDataFromGPS	112	static
../Core/Src/spi_flash.c:675:6:StartSpiFlash	56	static
