../Core/Src/spi_flash.c:55:9:W25_ReadStatusReg1	16	static
../Core/Src/spi_flash.c:67:5:W25_Busy	8	static
../Core/Src/spi_flash.c:72:5:W25_DelayWhileBusy	16	static
../Core/Src/spi_flash.c:86:6:W25_Reset	8	static
../Core/Src/spi_flash.c:95:5:W25_ReadJedecID	72	static
../Core/Src/spi_flash.c:112:5:W25_ReadMD	24	static
../Core/Src/spi_flash.c:125:5:W25_ReadUniqueID	24	static
../Core/Src/spi_flash.c:140:5:W25_WriteEnable	16	static
../Core/Src/spi_flash.c:43:5:W25_ChipErase	16	static
../Core/Src/spi_flash.c:148:5:W25_SectorErase	16	static
../Core/Src/spi_flash.c:160:5:W25_PageProgram	40	static
../Core/Src/spi_flash.c:183:5:W25_ReadData	24	static
../Core/Src/spi_flash.c:204:5:IsPageValid	8	static
../Core/Src/spi_flash.c:231:6:UpdatePageAddress	24	static
../Core/Src/spi_flash.c:237:5:W25_ShiftLeftFlashDataByPage	32	static
../Core/Src/spi_flash.c:329:6:Kalman_Init	0	static
../Core/Src/spi_flash.c:337:8:Kalman_Update	48	static
../Core/Src/spi_flash.c:350:6:receiveTaxData	48	static
../Core/Src/spi_flash.c:398:10:calculate_epoch_time_utc	48	static
../Core/Src/spi_flash.c:414:6:format_rmc_data	160	static
../Core/Src/spi_flash.c:423:6:saveRMC	104	static
../Core/Src/spi_flash.c:541:6:sendRMCDataWithAddrToGSM	16	static
../Core/Src/spi_flash.c:552:6:parseRMCString	360	static
../Core/Src/spi_flash.c:594:11:readFlash	176	static
../Core/Src/spi_flash.c:634:6:receiveRMCDataFromGPS	120	static
../Core/Src/spi_flash.c:729:6:StartSpiFlash	120	static
