../Core/Src/spi_flash.c:51:9:W25_ReadStatusReg1	16	static
../Core/Src/spi_flash.c:63:5:W25_Busy	8	static
../Core/Src/spi_flash.c:68:5:W25_DelayWhileBusy	16	static
../Core/Src/spi_flash.c:82:6:W25_Reset	8	static
../Core/Src/spi_flash.c:91:5:W25_ReadJedecID	72	static
../Core/Src/spi_flash.c:108:5:W25_ReadMD	24	static
../Core/Src/spi_flash.c:121:5:W25_ReadUniqueID	24	static
../Core/Src/spi_flash.c:136:5:W25_WriteEnable	16	static
../Core/Src/spi_flash.c:39:5:W25_ChipErase	16	static
../Core/Src/spi_flash.c:144:5:W25_SectorErase	16	static
../Core/Src/spi_flash.c:156:5:W25_PageProgram	40	static
../Core/Src/spi_flash.c:179:5:W25_ReadData	24	static
../Core/Src/spi_flash.c:200:5:IsPageValid	8	static
../Core/Src/spi_flash.c:226:6:UpdatePageAddress	16	static
../Core/Src/spi_flash.c:232:5:W25_ShiftLeftFlashDataByPage	96	static
../Core/Src/spi_flash.c:323:5:W25_ShiftLeftEntireFlashBySector	40	static
../Core/Src/spi_flash.c:394:6:receiveTaxData	80	static
../Core/Src/spi_flash.c:443:10:calculate_epoch_time_utc	48	static
../Core/Src/spi_flash.c:459:6:format_rmc_data	160	static
../Core/Src/spi_flash.c:468:6:saveRMC	56	static
../Core/Src/spi_flash.c:548:6:sendRMCDataWithAddrToGSM	16	static
../Core/Src/spi_flash.c:560:6:receiveRMCDataFromGPS	144	static
../Core/Src/spi_flash.c:629:6:StartSpiFlash	48	static
