../Core/Src/stm32f3xx_hal_msp.c:69:6:HAL_MspInit	8	static
../Core/Src/stm32f3xx_hal_msp.c:94:6:HAL_ADC_MspInit	48	static
../Core/Src/stm32f3xx_hal_msp.c:154:6:HAL_ADC_MspDeInit	8	static
../Core/Src/stm32f3xx_hal_msp.c:203:6:HAL_RTC_MspInit	0	static,ignoring_inline_asm
../Core/Src/stm32f3xx_hal_msp.c:226:6:HAL_RTC_MspDeInit	0	static,ignoring_inline_asm
../Core/Src/stm32f3xx_hal_msp.c:248:6:HAL_SPI_MspInit	48	static
../Core/Src/stm32f3xx_hal_msp.c:310:6:HAL_SPI_MspDeInit	0	static
../Core/Src/stm32f3xx_hal_msp.c:359:6:HAL_TIM_Base_MspInit	8	static
../Core/Src/stm32f3xx_hal_msp.c:382:6:HAL_TIM_Base_MspDeInit	0	static
../Core/Src/stm32f3xx_hal_msp.c:404:6:HAL_UART_MspInit	64	static
../Core/Src/stm32f3xx_hal_msp.c:539:6:HAL_UART_MspDeInit	8	static
